<html>
<body>
<pre>
<h1>µVision Build Log</h1>
<h2>Project:</h2>
C:\Users\tfhkaaaa\Documents\Proyectos\Prueba ARM STM32F\Firmware Base\Project\Project.uvproj
Project File Date:  10/30/2013

<h2>Output:</h2>
Build target 'Stm32f407VG'
assembling startup_stm32f4xx.s...
compiling main.c...
..\Source_Code\main.c(10): warning:  #177-D: variable "received_val" was declared but never referenced
compiling stm32f4xx_spi.c...
compiling misc.c...
compiling stm32f4xx_gpio.c...
compiling stm32f4xx_rcc.c...
compiling stm32f4xx_it.c...
..\Basic\stm32f4xx_it.c(143): warning:  #223-D: function "TimingDelay_Decrement" declared implicitly
compiling system_stm32f4xx.c...
compiling Software_Uart.c...
compiling WorkMemory.c...
..\User_Library\src\WorkMemory.c(138): error:  #144: a value of type "UINT8 *" cannot be used to initialize an entity of type "UINT *"
..\User_Library\src\WorkMemory.c(139): error:  #20: identifier "adrr" is undefined
Target not created
Build target 'Stm32f407VG'
compiling WorkMemory.c...
..\User_Library\src\WorkMemory.c(139): error:  #20: identifier "adrr" is undefined
..\User_Library\src\WorkMemory.c(160): error:  #167: argument of type "UINT8 *" is incompatible with parameter of type "UINT *"
Target not created
Build target 'Stm32f407VG'
compiling WorkMemory.c...
..\User_Library\src\WorkMemory.c(143): error:  #20: identifier "adrr" is undefined
..\User_Library\src\WorkMemory.c(160): error:  #167: argument of type "UINT8 *" is incompatible with parameter of type "UINT *"
Target not created
Build target 'Stm32f407VG'
compiling WorkMemory.c...
..\User_Library\src\WorkMemory.c(160): error:  #167: argument of type "UINT8 *" is incompatible with parameter of type "UINT *"
Target not created
Build target 'Stm32f407VG'
compiling WorkMemory.c...
..\User_Library\src\WorkMemory.c(74): error:  #147-D: declaration is incompatible with "void Spi1_Write_str(UINT *, INT16)" (declared at line 31 of "..\User_Library\inc\WorkMemory.h")
Target not created
Build target 'Stm32f407VG'
compiling main.c...
..\Source_Code\main.c(10): warning:  #177-D: variable "received_val" was declared but never referenced
compiling WorkMemory.c...
linking...
Program Size: Code=4668 RO-data=424 RW-data=60 ZI-data=1732  
FromELF: creating hex file...
"..\Output\Project.axf" - 0 Error(s), 1 Warning(s).
Build target 'Stm32f407VG'
compiling WorkMemory.c...
linking...
Program Size: Code=4668 RO-data=424 RW-data=60 ZI-data=1732  
FromELF: creating hex file...
"..\Output\Project.axf" - 0 Error(s), 0 Warning(s).
Build target 'Stm32f407VG'
compiling main.c...
..\Source_Code\main.c(10): warning:  #177-D: variable "received_val" was declared but never referenced
compiling stm32f4xx_spi.c...
compiling misc.c...
compiling stm32f4xx_gpio.c...
compiling stm32f4xx_rcc.c...
compiling system_stm32f4xx.c...
compiling Software_Uart.c...
compiling WorkMemory.c...
linking...
Program Size: Code=4668 RO-data=424 RW-data=60 ZI-data=1732  
FromELF: creating hex file...
"..\Output\Project.axf" - 0 Error(s), 1 Warning(s).
