ARM Linker, 5.03 [Build 24] [MDK-ARM Professional]

==============================================================================

Section Cross References

    startup_stm32f4xx.o(STACK) refers (Special) to heapauxi.o(.text) for __use_two_region_memory
    startup_stm32f4xx.o(HEAP) refers (Special) to heapauxi.o(.text) for __use_two_region_memory
    startup_stm32f4xx.o(RESET) refers (Special) to heapauxi.o(.text) for __use_two_region_memory
    startup_stm32f4xx.o(RESET) refers to startup_stm32f4xx.o(STACK) for __initial_sp
    startup_stm32f4xx.o(RESET) refers to startup_stm32f4xx.o(.text) for Reset_Handler
    startup_stm32f4xx.o(RESET) refers to stm32f4xx_it.o(i.NMI_Handler) for NMI_Handler
    startup_stm32f4xx.o(RESET) refers to stm32f4xx_it.o(i.HardFault_Handler) for HardFault_Handler
    startup_stm32f4xx.o(RESET) refers to stm32f4xx_it.o(i.MemManage_Handler) for MemManage_Handler
    startup_stm32f4xx.o(RESET) refers to stm32f4xx_it.o(i.BusFault_Handler) for BusFault_Handler
    startup_stm32f4xx.o(RESET) refers to stm32f4xx_it.o(i.UsageFault_Handler) for UsageFault_Handler
    startup_stm32f4xx.o(RESET) refers to stm32f4xx_it.o(i.SVC_Handler) for SVC_Handler
    startup_stm32f4xx.o(RESET) refers to stm32f4xx_it.o(i.DebugMon_Handler) for DebugMon_Handler
    startup_stm32f4xx.o(RESET) refers to stm32f4xx_it.o(i.PendSV_Handler) for PendSV_Handler
    startup_stm32f4xx.o(RESET) refers to stm32f4xx_it.o(i.SysTick_Handler) for SysTick_Handler
    startup_stm32f4xx.o(RESET) refers to stm32f4xx_it.o(i.TAMP_STAMP_IRQHandler) for TAMP_STAMP_IRQHandler
    startup_stm32f4xx.o(RESET) refers to stm32f4xx_it.o(i.TIM1_CC_IRQHandler) for TIM1_CC_IRQHandler
    startup_stm32f4xx.o(RESET) refers to stm32f4xx_it.o(i.TIM2_IRQHandler) for TIM2_IRQHandler
    startup_stm32f4xx.o(RESET) refers to stm32f4xx_it.o(i.SDIO_IRQHandler) for SDIO_IRQHandler
    startup_stm32f4xx.o(RESET) refers to stm32f4xx_it.o(i.OTG_FS_IRQHandler) for OTG_FS_IRQHandler
    startup_stm32f4xx.o(RESET) refers to stm32f4xx_it.o(i.OTG_HS_IRQHandler) for OTG_HS_IRQHandler
    startup_stm32f4xx.o(.text) refers (Special) to heapauxi.o(.text) for __use_two_region_memory
    startup_stm32f4xx.o(.text) refers to system_stm32f4xx.o(i.SystemInit) for SystemInit
    startup_stm32f4xx.o(.text) refers to __main.o(!!!main) for __main
    startup_stm32f4xx.o(.text) refers to startup_stm32f4xx.o(HEAP) for Heap_Mem
    startup_stm32f4xx.o(.text) refers to startup_stm32f4xx.o(STACK) for Stack_Mem
    main.o(i.MyMenu) refers to _printf_percent.o(.ARM.Collect$$_printf_percent$$00000000) for _printf_percent
    main.o(i.MyMenu) refers to _printf_f.o(.ARM.Collect$$_printf_percent$$00000003) for _printf_f
    main.o(i.MyMenu) refers to printf1.o(x$fpl$printf1) for _printf_fp_dec
    main.o(i.MyMenu) refers to _printf_s.o(.ARM.Collect$$_printf_percent$$00000014) for _printf_s
    main.o(i.MyMenu) refers to _printf_str.o(.text) for _printf_str
    main.o(i.MyMenu) refers to _printf_x.o(.ARM.Collect$$_printf_percent$$0000000C) for _printf_x
    main.o(i.MyMenu) refers to _printf_hex_int.o(.text) for _printf_longlong_hex
    main.o(i.MyMenu) refers to _printf_i.o(.ARM.Collect$$_printf_percent$$00000008) for _printf_i
    main.o(i.MyMenu) refers to _printf_dec.o(.text) for _printf_int_dec
    main.o(i.MyMenu) refers to _printf_u.o(.ARM.Collect$$_printf_percent$$0000000A) for _printf_u
    main.o(i.MyMenu) refers to strcpy.o(.text) for strcpy
    main.o(i.MyMenu) refers to strlen.o(.text) for strlen
    main.o(i.MyMenu) refers to usbd_cdc_vcp.o(i.VCP_DataTx) for VCP_DataTx
    main.o(i.MyMenu) refers to uart_hardware.o(i.Usart_Send) for Usart_Send
    main.o(i.MyMenu) refers to header_hardware.o(i.temperature) for temperature
    main.o(i.MyMenu) refers to noretval__2sprintf.o(.text) for __2sprintf
    main.o(i.MyMenu) refers to header_hardware.o(i.IsPaper) for IsPaper
    main.o(i.MyMenu) refers to workmemory.o(i.WorkMemory_ID) for WorkMemory_ID
    main.o(i.MyMenu) refers to delay.o(i.Delayms) for Delayms
    main.o(i.MyMenu) refers to stm32f4xx_gpio.o(i.GPIO_ResetBits) for GPIO_ResetBits
    main.o(i.MyMenu) refers to delay.o(i.Delayus) for Delayus
    main.o(i.MyMenu) refers to stm32f4xx_tim.o(i.TIM_Cmd) for TIM_Cmd
    main.o(i.MyMenu) refers to stm32f4xx_tim.o(i.TIM_CCxNCmd) for TIM_CCxNCmd
    main.o(i.MyMenu) refers to stm32f4xx_gpio.o(i.GPIO_SetBits) for GPIO_SetBits
    main.o(i.MyMenu) refers to rt_memclr_w.o(.text) for __aeabi_memclr4
    main.o(i.MyMenu) refers to atoi.o(.text) for atoi
    main.o(i.MyMenu) refers to header_hardware.o(i.BaseTimePwm) for BaseTimePwm
    main.o(i.MyMenu) refers to header_hardware.o(i.PWMBaseTimeChanging) for PWMBaseTimeChanging
    main.o(i.MyMenu) refers to main.o(.bss) for .bss
    main.o(i.MyMenu) refers to usbd_cdc_vcp.o(.data) for USBRx
    main.o(i.MyMenu) refers to main.o(.data) for .data
    main.o(i.MyMenu) refers to header_hardware.o(.bss) for PWM
    main.o(i.MyMenu) refers to dflt_clz.o(x$fpl$dflt) for __aeabi_i2d
[...]
    cdcCmd                                   0x200000ec   Data           4  usbd_cdc_core.o(.data)
    cdcLen                                   0x200000f0   Data           4  usbd_cdc_core.o(.data)
    FrameCount                               0x200000f4   Data           4  usbd_cdc_core.o(.data)
    .data                                    0x20000144   Section       44  usbd_cdc_core.o(.data)
    .data                                    0x20000170   Section       16  usbd_req.o(.data)
    cfgidx                                   0x20000170   Data           1  usbd_req.o(.data)
    .data                                    0x20000180   Section       64  header_hardware.o(.data)
    .bss                                     0x200001c0   Section     1890  main.o(.bss)
    .bss                                     0x20000922   Section     2112  usbd_cdc_core.o(.bss)
    .bss                                     0x20001162   Section      255  usbd_req.o(.bss)
    .bss                                     0x20001264   Section       16  header_hardware.o(.bss)
    .bss                                     0x20001274   Section       96  libspace.o(.bss)
    HEAP                                     0x200012d8   Section      512  startup_stm32f4xx.o(HEAP)
    Heap_Mem                                 0x200012d8   Data         512  startup_stm32f4xx.o(HEAP)
    STACK                                    0x200014d8   Section     1024  startup_stm32f4xx.o(STACK)
    Stack_Mem                                0x200014d8   Data        1024  startup_stm32f4xx.o(STACK)
    __initial_sp                             0x200018d8   Data           0  startup_stm32f4xx.o(STACK)

    Global Symbols

    Symbol Name                              Value     Ov Type        Size  Object(Section)

    BuildAttributes$$THM_ISAv4$E$P$D$K$B$S$7EM$VFPi3$EXTD16$VFPS$VFMA$PE$A:L22UL41UL21$X:L11$S22US41US21$IEEE1$IW$USESV6$~STKCKD$USESV7$~SHL$OTIME$ROPI$IEEEJ$EBA8$UX$STANDARDLIB$REQ8$PRES8$EABIv2 0x00000000   Number         0  anon$$obj.o ABSOLUTE
    __ARM_use_no_argv                        0x00000000   Number         0  main.o ABSOLUTE
    _printf_flags                            0x00000000   Number         0  printf_stubs.o ABSOLUTE
    _printf_return_value                     0x00000000   Number         0  printf_stubs.o ABSOLUTE
    _printf_sizespec                         0x00000000   Number         0  printf_stubs.o ABSOLUTE
    _printf_widthprec                        0x00000000   Number         0  printf_stubs.o ABSOLUTE
    __ARM_exceptions_init                     - Undefined Weak Reference
    __alloca_initialize                       - Undefined Weak Reference
    __cpp_initialize__aeabi_                  - Undefined Weak Reference
    __cxa_finalize                            - Undefined Weak Reference
    __sigvec_lookup                           - Undefined Weak Reference
    _atexit_init                              - Undefined Weak Reference
    _call_atexit_fns                          - Undefined Weak Reference
    _clock_init                               - Undefined Weak Reference
    _fp_trap_init                             - Undefined Weak Reference
    _fp_trap_shutdown                         - Undefined Weak Reference
    _get_lc_collate                           - Undefined Weak Reference
    _get_lc_monetary                          - Undefined Weak Reference
    _get_lc_time                              - Undefined Weak Reference
    _getenv_init                              - Undefined Weak Reference
    _handle_redirection                       - Undefined Weak Reference
    _init_alloc                               - Undefined Weak Reference
    _init_user_alloc                          - Undefined Weak Reference
    _initio                                   - Undefined Weak Reference
    _printf_mbtowc                            - Undefined Weak Reference
    _printf_post_padding                      - Undefined Weak Reference
    _printf_pre_padding                       - Undefined Weak Reference
    _printf_truncate_signed                   - Undefined Weak Reference
    _printf_truncate_unsigned                 - Undefined Weak Reference
    _rand_init                                - Undefined Weak Reference
    _signal_finish                            - Undefined Weak Reference
    _signal_init                              - Undefined Weak Reference
    _terminate_alloc                          - Undefined Weak Reference
    _terminate_user_alloc                     - Undefined Weak Reference
    _terminateio                              - Undefined Weak Reference
    __Vectors_Size                           0x00000188   Number         0  startup_stm32f4xx.o ABSOLUTE
    __Vectors                                0x08000000   Data           4  startup_stm32f4xx.o(RESET)
    __Vectors_End                            0x08000188   Data           0  startup_stm32f4xx.o(RESET)
    __main                                   0x08000189   Thumb Code     8  __main.o(!!!main)
    __scatterload                            0x08000191   Thumb Code     0  __scatter.o(!!!scatter)
    __scatterload_rt2                        0x08000191   Thumb Code    44  __scatter.o(!!!scatter)
    __scatterload_rt2_thumb_only             0x08000191   Thumb Code     0  __scatter.o(!!!scatter)
    __scatterload_null                       0x0800019f   Thumb Code     0  __scatter.o(!!!scatter)
    __decompress                             0x080001c5   Thumb Code    90  __dczerorl2.o(!!dczerorl2)
    __decompress1                            0x080001c5   Thumb Code     0  __dczerorl2.o(!!dczerorl2)
    __scatterload_zeroinit                   0x08000221   Thumb Code    28  __scatter_zi.o(!!handler_zi)
    _printf_f                                0x0800023d   Thumb Code     0  _printf_f.o(.ARM.Collect$$_printf_percent$$00000003)
    _printf_percent                          0x0800023d   Thumb Code     0  _printf_percent.o(.ARM.Collect$$_printf_percent$$00000000)
    _printf_i                                0x08000243   Thumb Code     0  _printf_i.o(.ARM.Collect$$_printf_percent$$00000008)
    _printf_u                                0x08000249   Thumb Code     0  _printf_u.o(.ARM.Collect$$_printf_percent$$0000000A)
    _printf_x                                0x0800024f   Thumb Code     0  _printf_x.o(.ARM.Collect$$_printf_percent$$0000000C)
    _printf_s                                0x08000255   Thumb Code     0  _printf_s.o(.ARM.Collect$$_printf_percent$$00000014)
    _printf_percent_end                      0x0800025b   Thumb Code     0  _printf_percent_end.o(.ARM.Collect$$_printf_percent$$00000017)
    __rt_lib_init                            0x0800025f   Thumb Code     0  libinit.o(.ARM.Collect$$libinit$$00000000)
    __rt_lib_init_fp_1                       0x08000261   Thumb Code     0  libinit2.o(.ARM.Collect$$libinit$$00000001)
    __rt_lib_init_heap_1                     0x08000265   Thumb Code     0  libinit2.o(.ARM.Collect$$libinit$$00000008)
    __rt_lib_init_lc_common                  0x08000265   Thumb Code     0  libinit2.o(.ARM.Collect$$libinit$$0000000D)
    __rt_lib_init_rand_1                     0x08000265   Thumb Code     0  libinit2.o(.ARM.Collect$$libinit$$0000000C)
    __rt_lib_init_user_alloc_1               0x08000265   Thumb Code     0  libinit2.o(.ARM.Collect$$libinit$$0000000A)
    __rt_lib_init_lc_collate_1               0x0800026b   Thumb Code     0  libinit2.o(.ARM.Collect$$libinit$$0000000F)
    __rt_lib_init_lc_ctype_2                 0x0800026b   Thumb Code     0  libinit2.o(.ARM.Collect$$libinit$$00000010)
    __rt_lib_init_lc_ctype_1                 0x08000277   Thumb Code     0  libinit2.o(.ARM.Collect$$libinit$$00000011)
    __rt_lib_init_lc_monetary_1              0x08000277   Thumb Code     0  libinit2.o(.ARM.Collect$$libinit$$00000013)
    __rt_lib_init_lc_numeric_2               0x08000277   Thumb Code     0  libinit2.o(.ARM.Collect$$libinit$$00000014)
    __rt_lib_init_alloca_1                   0x08000281   Thumb Code     0  libinit2.o(.ARM.Collect$$libinit$$0000002C)
    __rt_lib_init_argv_1                     0x08000281   Thumb Code     0  libinit2.o(.ARM.Collect$$libinit$$0000002A)
    __rt_lib_init_atexit_1                   0x08000281   Thumb Code     0  libinit2.o(.ARM.Collect$$libinit$$00000019)
    __rt_lib_init_clock_1                    0x08000281   Thumb Code     0  libinit2.o(.ARM.Collect$$libinit$$0000001F)
    __rt_lib_init_cpp_1                      0x08000281   Thumb Code     0  libinit2.o(.ARM.Collect$$libinit$$00000030)
    __rt_lib_init_exceptions_1               0x08000281   Thumb Code     0  libinit2.o(.ARM.Collect$$libinit$$0000002E)
    __rt_lib_init_fp_trap_1                  0x08000281   Thumb Code     0  libinit2.o(.ARM.Collect$$libinit$$0000001D)
    __rt_lib_init_getenv_1                   0x08000281   Thumb Code     0  libinit2.o(.ARM.Collect$$libinit$$00000021)
    __rt_lib_init_lc_numeric_1               0x08000281   Thumb Code     0  libinit2.o(.ARM.Collect$$libinit$$00000015)
    __rt_lib_init_lc_time_1                  0x08000281   Thumb Code     0  libinit2.o(.ARM.Collect$$libinit$$00000017)
    __rt_lib_init_return                     0x08000281   Thumb Code     0  libinit2.o(.ARM.Collect$$libinit$$00000031)
    __rt_lib_init_signal_1                   0x08000281   Thumb Code     0  libinit2.o(.ARM.Collect$$libinit$$0000001B)
    __rt_lib_init_stdio_1                    0x08000281   Thumb Code     0  libinit2.o(.ARM.Collect$$libinit$$00000023)
    __rt_lib_shutdown                        0x08000283   Thumb Code     0  libshutdown.o(.ARM.Collect$$libshutdown$$00000000)
    __rt_lib_shutdown_fp_trap_1              0x08000285   Thumb Code     0  libshutdown2.o(.ARM.Collect$$libshutdown$$00000006)
    __rt_lib_shutdown_heap_1                 0x08000285   Thumb Code     0  libshutdown2.o(.ARM.Collect$$libshutdown$$0000000E)
    __rt_lib_shutdown_return                 0x08000285   Thumb Code     0  libshutdown2.o(.ARM.Collect$$libshutdown$$0000000F)
    __rt_lib_shutdown_signal_1               0x08000285   Thumb Code     0  libshutdown2.o(.ARM.Collect$$libshutdown$$00000009)
    __rt_lib_shutdown_stdio_1                0x08000285   Thumb Code     0  libshutdown2.o(.ARM.Collect$$libshutdown$$00000003)
    __rt_lib_shutdown_user_alloc_1           0x08000285   Thumb Code     0  libshutdown2.o(.ARM.Collect$$libshutdown$$0000000B)
    __rt_entry                               0x08000287   Thumb Code     0  rtentry.o(.ARM.Collect$$rtentry$$00000000)
    __rt_entry_presh_1                       0x08000287   Thumb Code     0  rtentry2.o(.ARM.Collect$$rtentry$$00000002)
    __rt_entry_sh                            0x08000287   Thumb Code     0  rtentry4.o(.ARM.Collect$$rtentry$$00000004)
    __rt_entry_li                            0x0800028d   Thumb Code     0  rtentry2.o(.ARM.Collect$$rtentry$$0000000A)
    __rt_entry_postsh_1                      0x0800028d   Thumb Code     0  rtentry2.o(.ARM.Collect$$rtentry$$00000009)
    __rt_entry_main                          0x08000291   Thumb Code     0  rtentry2.o(.ARM.Collect$$rtentry$$0000000D)
    __rt_entry_postli_1                      0x08000291   Thumb Code     0  rtentry2.o(.ARM.Collect$$rtentry$$0000000C)
    __rt_exit                                0x08000299   Thumb Code     0  rtexit.o(.ARM.Collect$$rtexit$$00000000)
    __rt_exit_ls                             0x0800029b   Thumb Code     0  rtexit2.o(.ARM.Collect$$rtexit$$00000003)
    __rt_exit_prels_1                        0x0800029b   Thumb Code     0  rtexit2.o(.ARM.Collect$$rtexit$$00000002)
    __rt_exit_exit                           0x0800029f   Thumb Code     0  rtexit2.o(.ARM.Collect$$rtexit$$00000004)
    Reset_Handler                            0x080002a5   Thumb Code    18  startup_stm32f4xx.o(.text)
    ADC_IRQHandler                           0x080002c9   Thumb Code     0  startup_stm32f4xx.o(.text)
    CAN1_RX0_IRQHandler                      0x080002c9   Thumb Code     0  startup_stm32f4xx.o(.text)
    CAN1_RX1_IRQHandler                      0x080002c9   Thumb Code     0  startup_stm32f4xx.o(.text)
    CAN1_SCE_IRQHandler                      0x080002c9   Thumb Code     0  startup_stm32f4xx.o(.text)
    CAN1_TX_IRQHandler                       0x080002c9   Thumb Code     0  startup_stm32f4xx.o(.text)
    CAN2_RX0_IRQHandler                      0x080002c9   Thumb Code     0  startup_stm32f4xx.o(.text)
    CAN2_RX1_IRQHandler                      0x080002c9   Thumb Code     0  startup_stm32f4xx.o(.text)
    CAN2_SCE_IRQHandler                      0x080002c9   Thumb Code     0  startup_stm32f4xx.o(.text)
    CAN2_TX_IRQHandler                       0x080002c9   Thumb Code     0  startup_stm32f4xx.o(.text)
    CRYP_IRQHandler                          0x080002c9   Thumb Code     0  startup_stm32f4xx.o(.text)
    DCMI_IRQHandler                          0x080002c9   Thumb Code     0  startup_stm32f4xx.o(.text)
    DMA1_Stream0_IRQHandler                  0x080002c9   Thumb Code     0  startup_stm32f4xx.o(.text)
    DMA1_Stream1_IRQHandler                  0x080002c9   Thumb Code     0  startup_stm32f4xx.o(.text)
    DMA1_Stream2_IRQHandler                  0x080002c9   Thumb Code     0  startup_stm32f4xx.o(.text)
    DMA1_Stream3_IRQHandler                  0x080002c9   Thumb Code     0  startup_stm32f4xx.o(.text)
    DMA1_Stream4_IRQHandler                  0x080002c9   Thumb Code     0  startup_stm32f4xx.o(.text)
    DMA1_Stream5_IRQHandler                  0x080002c9   Thumb Code     0  startup_stm32f4xx.o(.text)
    DMA1_Stream6_IRQHandler                  0x080002c9   Thumb Code     0  startup_stm32f4xx.o(.text)
    DMA1_Stream7_IRQHandler                  0x080002c9   Thumb Code     0  startup_stm32f4xx.o(.text)
    DMA2_Stream0_IRQHandler                  0x080002c9   Thumb Code     0  startup_stm32f4xx.o(.text)
    DMA2_Stream1_IRQHandler                  0x080002c9   Thumb Code     0  startup_stm32f4xx.o(.text)
    DMA2_Stream2_IRQHandler                  0x080002c9   Thumb Code     0  startup_stm32f4xx.o(.text)
    DMA2_Stream3_IRQHandler                  0x080002c9   Thumb Code     0  startup_stm32f4xx.o(.text)
    DMA2_Stream4_IRQHandler                  0x080002c9   Thumb Code     0  startup_stm32f4xx.o(.text)
    DMA2_Stream5_IRQHandler                  0x080002c9   Thumb Code     0  startup_stm32f4xx.o(.text)
    DMA2_Stream6_IRQHandler                  0x080002c9   Thumb Code     0  startup_stm32f4xx.o(.text)
    DMA2_Stream7_IRQHandler                  0x080002c9   Thumb Code     0  startup_stm32f4xx.o(.text)
    ETH_IRQHandler                           0x080002c9   Thumb Code     0  startup_stm32f4xx.o(.text)
    ETH_WKUP_IRQHandler                      0x080002c9   Thumb Code     0  startup_stm32f4xx.o(.text)
    EXTI0_IRQHandler                         0x080002c9   Thumb Code     0  startup_stm32f4xx.o(.text)
    EXTI15_10_IRQHandler                     0x080002c9   Thumb Code     0  startup_stm32f4xx.o(.text)
    EXTI1_IRQHandler                         0x080002c9   Thumb Code     0  startup_stm32f4xx.o(.text)
    EXTI2_IRQHandler                         0x080002c9   Thumb Code     0  startup_stm32f4xx.o(.text)
    EXTI3_IRQHandler                         0x080002c9   Thumb Code     0  startup_stm32f4xx.o(.text)
    EXTI4_IRQHandler                         0x080002c9   Thumb Code     0  startup_stm32f4xx.o(.text)
    EXTI9_5_IRQHandler                       0x080002c9   Thumb Code     0  startup_stm32f4xx.o(.text)
    FLASH_IRQHandler                         0x080002c9   Thumb Code     0  startup_stm32f4xx.o(.text)
    FPU_IRQHandler                           0x080002c9   Thumb Code     0  startup_stm32f4xx.o(.text)
    FSMC_IRQHandler                          0x080002c9   Thumb Code     0  startup_stm32f4xx.o(.text)
    HASH_RNG_IRQHandler                      0x080002c9   Thumb Code     0  startup_stm32f4xx.o(.text)
    I2C1_ER_IRQHandler                       0x080002c9   Thumb Code     0  startup_stm32f4xx.o(.text)
    I2C1_EV_IRQHandler                       0x080002c9   Thumb Code     0  startup_stm32f4xx.o(.text)
    I2C2_ER_IRQHandler                       0x080002c9   Thumb Code     0  startup_stm32f4xx.o(.text)
    I2C2_EV_IRQHandler                       0x080002c9   Thumb Code     0  startup_stm32f4xx.o(.text)
    I2C3_ER_IRQHandler                       0x080002c9   Thumb Code     0  startup_stm32f4xx.o(.text)
    I2C3_EV_IRQHandler                       0x080002c9   Thumb Code     0  startup_stm32f4xx.o(.text)
    OTG_FS_WKUP_IRQHandler                   0x080002c9   Thumb Code     0  startup_stm32f4xx.o(.text)
    OTG_HS_EP1_IN_IRQHandler                 0x080002c9   Thumb Code     0  startup_stm32f4xx.o(.text)
    OTG_HS_EP1_OUT_IRQHandler                0x080002c9   Thumb Code     0  startup_stm32f4xx.o(.text)
    OTG_HS_WKUP_IRQHandler                   0x080002c9   Thumb Code     0  startup_stm32f4xx.o(.text)
    PVD_IRQHandler                           0x080002c9   Thumb Code     0  startup_stm32f4xx.o(.text)
    RCC_IRQHandler                           0x080002c9   Thumb Code     0  startup_stm32f4xx.o(.text)
    RTC_Alarm_IRQHandler                     0x080002c9   Thumb Code     0  startup_stm32f4xx.o(.text)
    RTC_WKUP_IRQHandler                      0x080002c9   Thumb Code     0  startup_stm32f4xx.o(.text)
    SPI1_IRQHandler                          0x080002c9   Thumb Code     0  startup_stm32f4xx.o(.text)
    SPI2_IRQHandler                          0x080002c9   Thumb Code     0  startup_stm32f4xx.o(.text)
    SPI3_IRQHandler                          0x080002c9   Thumb Code     0  startup_stm32f4xx.o(.text)
    TIM1_BRK_TIM9_IRQHandler                 0x080002c9   Thumb Code     0  startup_stm32f4xx.o(.text)
    TIM1_TRG_COM_TIM11_IRQHandler            0x080002c9   Thumb Code     0  startup_stm32f4xx.o(.text)
    TIM1_UP_TIM10_IRQHandler                 0x080002c9   Thumb Code     0  startup_stm32f4xx.o(.text)
    TIM3_IRQHandler                          0x080002c9   Thumb Code     0  startup_stm32f4xx.o(.text)
    TIM4_IRQHandler                          0x080002c9   Thumb Code     0  startup_stm32f4xx.o(.text)
    TIM5_IRQHandler                          0x080002c9   Thumb Code     0  startup_stm32f4xx.o(.text)
    TIM6_DAC_IRQHandler                      0x080002c9   Thumb Code     0  startup_stm32f4xx.o(.text)
    TIM7_IRQHandler                          0x080002c9   Thumb Code     0  startup_stm32f4xx.o(.text)
    TIM8_BRK_TIM12_IRQHandler                0x080002c9   Thumb Code     0  startup_stm32f4xx.o(.text)
    TIM8_CC_IRQHandler                       0x080002c9   Thumb Code     0  startup_stm32f4xx.o(.text)
    TIM8_TRG_COM_TIM14_IRQHandler            0x080002c9   Thumb Code     0  startup_stm32f4xx.o(.text)
    TIM8_UP_TIM13_IRQHandler                 0x080002c9   Thumb Code     0  startup_stm32f4xx.o(.text)
    UART4_IRQHandler                         0x080002c9   Thumb Code     0  startup_stm32f4xx.o(.text)
    UART5_IRQHandler                         0x080002c9   Thumb Code     0  startup_stm32f4xx.o(.text)
    USART1_IRQHandler                        0x080002c9   Thumb Code     0  startup_stm32f4xx.o(.text)
    USART2_IRQHandler                        0x080002c9   Thumb Code     0  startup_stm32f4xx.o(.text)
    USART3_IRQHandler                        0x080002c9   Thumb Code     0  startup_stm32f4xx.o(.text)
    USART6_IRQHandler                        0x080002c9   Thumb Code     0  startup_stm32f4xx.o(.text)
    WWDG_IRQHandler                          0x080002c9   Thumb Code     0  startup_stm32f4xx.o(.text)
    __user_initial_stackheap                 0x080002cd   Thumb Code     0  startup_stm32f4xx.o(.text)
    __2sprintf                               0x080002f5   Thumb Code    34  noretval__2sprintf.o(.text)
    _printf_str                              0x0800031d   Thumb Code    82  _printf_str.o(.text)
    _printf_int_dec                          0x08000371   Thumb Code   102  _printf_dec.o(.text)
    _printf_int_hex                          0x080003e9   Thumb Code    88  _printf_hex_int.o(.text)
    _printf_longlong_hex                     0x080003e9   Thumb Code     0  _printf_hex_int.o(.text)
    __printf                                 0x08000445   Thumb Code   310  __printf_flags_wp.o(.text)
    atoi                                     0x08000581   Thumb Code    26  atoi.o(.text)
    strcpy                                   0x0800059b   Thumb Code    72  strcpy.o(.text)
    strlen                                   0x080005e3   Thumb Code    62  strlen.o(.text)
    __aeabi_memclr4                          0x08000621   Thumb Code     0  rt_memclr_w.o(.text)
    __aeabi_memclr8                          0x08000621   Thumb Code     0  rt_memclr_w.o(.text)
    __rt_memclr_w                            0x08000621   Thumb Code    78  rt_memclr_w.o(.text)
    _memset_w                                0x08000625   Thumb Code     0  rt_memclr_w.o(.text)
    __use_two_region_memory                  0x0800066f   Thumb Code     2  heapauxi.o(.text)
    __rt_heap_escrow$2region                 0x08000671   Thumb Code     2  heapauxi.o(.text)
    __rt_heap_expand$2region                 0x08000673   Thumb Code     2  heapauxi.o(.text)
    __aeabi_errno_addr                       0x08000675   Thumb Code     8  rt_errno_addr_intlibspace.o(.text)
    __errno$intlibspace                      0x08000675   Thumb Code     0  rt_errno_addr_intlibspace.o(.text)
    __rt_errno_addr$intlibspace              0x08000675   Thumb Code     0  rt_errno_addr_intlibspace.o(.text)
    __read_errno                             0x0800067d   Thumb Code    10  _rserrno.o(.text)
    __set_errno                              0x08000687   Thumb Code    12  _rserrno.o(.text)
    _printf_int_common                       0x08000693   Thumb Code   184  _printf_intcommon.o(.text)
    __lib_sel_fp_printf                      0x0800074b   Thumb Code     2  _printf_fp_dec.o(.text)
    _printf_fp_dec_real                      0x080008f7   Thumb Code   628  _printf_fp_dec.o(.text)
    _printf_char_common                      0x08000b77   Thumb Code    32  _printf_char_common.o(.text)
    _sputc                                   0x08000b9d   Thumb Code    10  _sputc.o(.text)
    _printf_cs_common                        0x08000ba7   Thumb Code    20  _printf_char.o(.text)
    _printf_char                             0x08000bbb   Thumb Code    16  _printf_char.o(.text)
    _printf_string                           0x08000bcb   Thumb Code     8  _printf_char.o(.text)
    strtol                                   0x08000bd3   Thumb Code   112  strtol.o(.text)
    __user_libspace                          0x08000c45   Thumb Code     8  libspace.o(.text)
    __user_perproc_libspace                  0x08000c45   Thumb Code     0  libspace.o(.text)
    __user_perthread_libspace                0x08000c45   Thumb Code     0  libspace.o(.text)
    __rt_ctype_table                         0x08000c4d   Thumb Code    16  rt_ctype_table.o(.text)
    __rt_locale                              0x08000c5d   Thumb Code     8  rt_locale_intlibspace.o(.text)
    _ll_udiv10                               0x08000c65   Thumb Code   138  lludiv10.o(.text)
    _printf_fp_infnan                        0x08000cf1   Thumb Code   112  _printf_fp_infnan.o(.text)
    _strtoul                                 0x08000d71   Thumb Code   158  _strtoul.o(.text)
    _btod_etento                             0x08000e11   Thumb Code   222  bigflt0.o(.text)
    __user_setup_stackheap                   0x08000ef5   Thumb Code    74  sys_stackheap_outer.o(.text)
    _chval                                   0x08000f3f   Thumb Code    28  _chval.o(.text)
    exit                                     0x08000f5b   Thumb Code    12  exit.o(.text)
    strcmp                                   0x08000f69   Thumb Code   128  strcmpv7m.o(.text)
    _sys_exit                                0x08000fe9   Thumb Code     8  sys_exit.o(.text)
    __I$use$semihosting                      0x08000ff5   Thumb Code     0  use_no_semi.o(.text)
    __use_no_semihosting_swi                 0x08000ff5   Thumb Code     2  use_no_semi.o(.text)
    __semihosting_library_function           0x08000ff7   Thumb Code     0  indicate_semi.o(.text)
    _btod_d2e                                0x08000ff7   Thumb Code    62  btod.o(CL$$btod_d2e)
    _d2e_denorm_low                          0x08001035   Thumb Code    70  btod.o(CL$$btod_d2e_denorm_low)
    _d2e_norm_op1                            0x0800107b   Thumb Code    96  btod.o(CL$$btod_d2e_norm_op1)
    __btod_div_common                        0x080010db   Thumb Code   696  btod.o(CL$$btod_div_common)
    _e2e                                     0x08001413   Thumb Code   198  btod.o(CL$$btod_e2e)
    _btod_ediv                               0x080014d9   Thumb Code    40  btod.o(CL$$btod_ediv)
    _btod_emul                               0x08001501   Thumb Code    40  btod.o(CL$$btod_emul)
    __btod_mult_common                       0x08001529   Thumb Code   580  btod.o(CL$$btod_mult_common)
    ADC_Cmd                                  0x0800176d   Thumb Code    20  stm32f4xx_adc.o(i.ADC_Cmd)
    ADC_CommonInit                           0x08001781   Thumb Code    30  stm32f4xx_adc.o(i.ADC_CommonInit)
    ADC_GetConversionValue                   0x080017a9   Thumb Code     6  stm32f4xx_adc.o(i.ADC_GetConversionValue)
    ADC_GetFlagStatus                        0x080017af   Thumb Code    14  stm32f4xx_adc.o(i.ADC_GetFlagStatus)
    ADC_Init                                 0x080017bd   Thumb Code    66  stm32f4xx_adc.o(i.ADC_Init)
    ADC_RegularChannelConfig                 0x08001809   Thumb Code   116  stm32f4xx_adc.o(i.ADC_RegularChannelConfig)
    ADC_SoftwareStartConv                    0x0800187d   Thumb Code    10  stm32f4xx_adc.o(i.ADC_SoftwareStartConv)
    BaseTimePwm                              0x08001919   Thumb Code    64  header_hardware.o(i.BaseTimePwm)
    Blink                                    0x08001961   Thumb Code    96  gpio_user.o(i.Blink)
    Blinking                                 0x080019c1   Thumb Code   108  gpio_user.o(i.Blinking)
    BusFault_Handler                         0x08001a2d   Thumb Code     2  stm32f4xx_it.o(i.BusFault_Handler)
    ClearPrinterBuffer                       0x08001a31   Thumb Code    52  header_hardware.o(i.ClearPrinterBuffer)
    DCD_EP_Close                             0x08001a69   Thumb Code    44  usb_dcd.o(i.DCD_EP_Close)
    DCD_EP_ClrStall                          0x08001a95   Thumb Code    56  usb_dcd.o(i.DCD_EP_ClrStall)
    DCD_EP_Open                              0x08001acd   Thumb Code    60  usb_dcd.o(i.DCD_EP_Open)
    DCD_EP_PrepareRx                         0x08001b09   Thumb Code    58  usb_dcd.o(i.DCD_EP_PrepareRx)
    DCD_EP_SetAddress                        0x08001b43   Thumb Code    16  usb_dcd.o(i.DCD_EP_SetAddress)
    DCD_EP_Stall                             0x08001b53   Thumb Code    56  usb_dcd.o(i.DCD_EP_Stall)
    DCD_EP_Tx                                0x08001b8b   Thumb Code    54  usb_dcd.o(i.DCD_EP_Tx)
    DCD_Init                                 0x08001ea9   Thumb Code   138  usb_dcd.o(i.DCD_Init)
    DebugMon_Handler                         0x08001fad   Thumb Code     2  stm32f4xx_it.o(i.DebugMon_Handler)
    Delayms                                  0x08001fb1   Thumb Code    22  delay.o(i.Delayms)
    Delays                                   0x08001fcd   Thumb Code    20  delay.o(i.Delays)
    Delayus                                  0x08001fe9   Thumb Code    16  delay.o(i.Delayus)
    GPIO_Init                                0x08001ffd   Thumb Code   162  stm32f4xx_gpio.o(i.GPIO_Init)
    GPIO_PinAFConfig                         0x0800209f   Thumb Code    32  stm32f4xx_gpio.o(i.GPIO_PinAFConfig)
    GPIO_ReadInputDataBit                    0x080020bf   Thumb Code    14  stm32f4xx_gpio.o(i.GPIO_ReadInputDataBit)
    GPIO_ResetBits                           0x080020cd   Thumb Code     4  stm32f4xx_gpio.o(i.GPIO_ResetBits)
    GPIO_SetBits                             0x080020d1   Thumb Code     4  stm32f4xx_gpio.o(i.GPIO_SetBits)
    HardFault_Handler                        0x0800213d   Thumb Code     2  stm32f4xx_it.o(i.HardFault_Handler)
    Header_Init                              0x08002141   Thumb Code   412  header_hardware.o(i.Header_Init)
    InitDelay                                0x080022ed   Thumb Code    62  delay.o(i.InitDelay)
    Init_HADC                                0x08002335   Thumb Code    88  header_hardware.o(i.Init_HADC)
    Init_HPrinterSPI                         0x08002391   Thumb Code    86  header_hardware.o(i.Init_HPrinterSPI)
    Init_HTIMx                               0x080023ed   Thumb Code   168  header_hardware.o(i.Init_HTIMx)
    Init_LedBi                               0x08002499   Thumb Code   110  gpio_user.o(i.Init_LedBi)
    IsPaper                                  0x08002511   Thumb Code    46  header_hardware.o(i.IsPaper)
    MemManage_Handler                        0x08002545   Thumb Code     2  stm32f4xx_it.o(i.MemManage_Handler)
    MyMenu                                   0x08002549   Thumb Code  2230  main.o(i.MyMenu)
    NMI_Handler                              0x08002f59   Thumb Code     2  stm32f4xx_it.o(i.NMI_Handler)
    NVIC_Init                                0x08002f5d   Thumb Code    92  misc.o(i.NVIC_Init)
    NVIC_PriorityGroupConfig                 0x08002fc1   Thumb Code    10  misc.o(i.NVIC_PriorityGroupConfig)
    NVIC_SetVectorTable                      0x08002fd5   Thumb Code    12  misc.o(i.NVIC_SetVectorTable)
    OTG_FS_IRQHandler                        0x08002fe9   Thumb Code     6  stm32f4xx_it.o(i.OTG_FS_IRQHandler)
    OTG_HS_IRQHandler                        0x08002ff5   Thumb Code     2  stm32f4xx_it.o(i.OTG_HS_IRQHandler)
    Open_UartPC                              0x08002ff9   Thumb Code   258  uart_hardware.o(i.Open_UartPC)
    PWMBaseTimeChanging                      0x08003105   Thumb Code    46  header_hardware.o(i.PWMBaseTimeChanging)
    PendSV_Handler                           0x08003139   Thumb Code     2  stm32f4xx_it.o(i.PendSV_Handler)
    PrintDots                                0x0800313d   Thumb Code   182  header_hardware.o(i.PrintDots)
    Printer_SendWorld                        0x08003201   Thumb Code    26  header_hardware.o(i.Printer_SendWorld)
    RCC_AHB1PeriphClockCmd                   0x08003221   Thumb Code    18  stm32f4xx_rcc.o(i.RCC_AHB1PeriphClockCmd)
    RCC_AHB2PeriphClockCmd                   0x08003239   Thumb Code    18  stm32f4xx_rcc.o(i.RCC_AHB2PeriphClockCmd)
    RCC_APB1PeriphClockCmd                   0x08003251   Thumb Code    18  stm32f4xx_rcc.o(i.RCC_APB1PeriphClockCmd)
    RCC_APB2PeriphClockCmd                   0x08003269   Thumb Code    18  stm32f4xx_rcc.o(i.RCC_APB2PeriphClockCmd)
    RCC_GetClocksFreq                        0x08003281   Thumb Code   132  stm32f4xx_rcc.o(i.RCC_GetClocksFreq)
    SDIO_IRQHandler                          0x08003315   Thumb Code     2  stm32f4xx_it.o(i.SDIO_IRQHandler)
    SPI_Cmd                                  0x08003317   Thumb Code    20  stm32f4xx_spi.o(i.SPI_Cmd)
    SPI_I2S_SendData                         0x0800332b   Thumb Code     4  stm32f4xx_spi.o(i.SPI_I2S_SendData)
    SPI_Init                                 0x0800332f   Thumb Code    56  stm32f4xx_spi.o(i.SPI_Init)
    SVC_Handler                              0x08003367   Thumb Code     2  stm32f4xx_it.o(i.SVC_Handler)
    SetColor                                 0x08003369   Thumb Code    72  gpio_user.o(i.SetColor)
    Spi1_Open                                0x0800346d   Thumb Code   270  workmemory.o(i.Spi1_Open)
    Spi1_Read                                0x08003589   Thumb Code    32  workmemory.o(i.Spi1_Read)
    Spi1_Write                               0x080035ad   Thumb Code    30  workmemory.o(i.Spi1_Write)
    SysTick_CLKSourceConfig                  0x080035d1   Thumb Code    24  misc.o(i.SysTick_CLKSourceConfig)
    SysTick_Handler                          0x080035e9   Thumb Code     4  stm32f4xx_it.o(i.SysTick_Handler)
    SystemInit                               0x080035ed   Thumb Code    74  system_stm32f4xx.o(i.SystemInit)
    TAMP_STAMP_IRQHandler                    0x08003649   Thumb Code     2  stm32f4xx_it.o(i.TAMP_STAMP_IRQHandler)
    TIM1_CC_IRQHandler                       0x0800364d   Thumb Code    92  stm32f4xx_it.o(i.TIM1_CC_IRQHandler)
    TIM2_IRQHandler                          0x080036bd   Thumb Code     4  stm32f4xx_it.o(i.TIM2_IRQHandler)
    TIM_ARRPreloadConfig                     0x080036c1   Thumb Code    20  stm32f4xx_tim.o(i.TIM_ARRPreloadConfig)
    TIM_CCxNCmd                              0x080036d5   Thumb Code    22  stm32f4xx_tim.o(i.TIM_CCxNCmd)
    TIM_ClearITPendingBit                    0x080036eb   Thumb Code     6  stm32f4xx_tim.o(i.TIM_ClearITPendingBit)
    TIM_Cmd                                  0x080036f1   Thumb Code    20  stm32f4xx_tim.o(i.TIM_Cmd)
    TIM_CtrlPWMOutputs                       0x08003705   Thumb Code    22  stm32f4xx_tim.o(i.TIM_CtrlPWMOutputs)
    TIM_GetITStatus                          0x0800371b   Thumb Code    24  stm32f4xx_tim.o(i.TIM_GetITStatus)
    TIM_ITConfig                             0x08003733   Thumb Code    16  stm32f4xx_tim.o(i.TIM_ITConfig)
    TIM_OC1Init                              0x08003745   Thumb Code    88  stm32f4xx_tim.o(i.TIM_OC1Init)
    TIM_SetCompare1                          0x080037a5   Thumb Code     4  stm32f4xx_tim.o(i.TIM_SetCompare1)
    TIM_TimeBaseInit                         0x080037a9   Thumb Code    96  stm32f4xx_tim.o(i.TIM_TimeBaseInit)
    TestInit                                 0x08003825   Thumb Code    68  main.o(i.TestInit)
    ThermalPrint                             0x080038c5   Thumb Code   158  fonts.o(i.ThermalPrint)
    TimingDelay_Decrement                    0x08003969   Thumb Code    16  delay.o(i.TimingDelay_Decrement)
    USART_Cmd                                0x0800397d   Thumb Code    20  stm32f4xx_usart.o(i.USART_Cmd)
    USART_Init                               0x08003991   Thumb Code   174  stm32f4xx_usart.o(i.USART_Init)
    USART_SendData                           0x08003a49   Thumb Code     8  stm32f4xx_usart.o(i.USART_SendData)
    USBD_ClrCfg                              0x08003a51   Thumb Code    14  usbd_core.o(i.USBD_ClrCfg)
    USBD_CtlContinueRx                       0x08003a5f   Thumb Code    18  usbd_ioreq.o(i.USBD_CtlContinueRx)
    USBD_CtlContinueSendData                 0x08003a71   Thumb Code    18  usbd_ioreq.o(i.USBD_CtlContinueSendData)
    USBD_CtlError                            0x08003a83   Thumb Code    28  usbd_req.o(i.USBD_CtlError)
    USBD_CtlPrepareRx                        0x08003a9f   Thumb Code    32  usbd_ioreq.o(i.USBD_CtlPrepareRx)
    USBD_CtlReceiveStatus                    0x08003abf   Thumb Code    34  usbd_ioreq.o(i.USBD_CtlReceiveStatus)
    USBD_CtlSendData                         0x08003ae1   Thumb Code    32  usbd_ioreq.o(i.USBD_CtlSendData)
    USBD_CtlSendStatus                       0x08003b01   Thumb Code    34  usbd_ioreq.o(i.USBD_CtlSendStatus)
    USBD_GetString                           0x08003d55   Thumb Code    70  usbd_req.o(i.USBD_GetString)
    USBD_Init                                0x08003d9b   Thumb Code    54  usbd_core.o(i.USBD_Init)
    USBD_OTG_ISR_Handler                     0x08003ded   Thumb Code   370  usb_dcd_int.o(i.USBD_OTG_ISR_Handler)
    USBD_ParseSetupRequest                   0x08003f65   Thumb Code    68  usbd_req.o(i.USBD_ParseSetupRequest)
    USBD_SetCfg                              0x08003ffd   Thumb Code    26  usbd_core.o(i.USBD_SetCfg)
    USBD_StdDevReq                           0x08004151   Thumb Code   236  usbd_req.o(i.USBD_StdDevReq)
    USBD_StdEPReq                            0x08004241   Thumb Code   208  usbd_req.o(i.USBD_StdEPReq)
    USBD_StdItfReq                           0x08004315   Thumb Code    54  usbd_req.o(i.USBD_StdItfReq)
    USBD_USR_ConfigStrDescriptor             0x08004365   Thumb Code    16  usbd_desc.o(i.USBD_USR_ConfigStrDescriptor)
    USBD_USR_DeviceConfigured                0x08004385   Thumb Code     2  usbd_usr.o(i.USBD_USR_DeviceConfigured)
    USBD_USR_DeviceConnected                 0x08004387   Thumb Code     6  usbd_usr.o(i.USBD_USR_DeviceConnected)
    USBD_USR_DeviceDescriptor                0x0800438d   Thumb Code     8  usbd_desc.o(i.USBD_USR_DeviceDescriptor)
    USBD_USR_DeviceDisconnected              0x08004399   Thumb Code     6  usbd_usr.o(i.USBD_USR_DeviceDisconnected)
    USBD_USR_DeviceReset                     0x0800439f   Thumb Code     2  usbd_usr.o(i.USBD_USR_DeviceReset)
    USBD_USR_DeviceResumed                   0x080043a1   Thumb Code     2  usbd_usr.o(i.USBD_USR_DeviceResumed)
    USBD_USR_DeviceSuspended                 0x080043a3   Thumb Code     2  usbd_usr.o(i.USBD_USR_DeviceSuspended)
    USBD_USR_Init                            0x080043a5   Thumb Code    20  usbd_usr.o(i.USBD_USR_Init)
    USBD_USR_InterfaceStrDescriptor          0x080043b9   Thumb Code    16  usbd_desc.o(i.USBD_USR_InterfaceStrDescriptor)
    USBD_USR_LangIDStrDescriptor             0x080043dd   Thumb Code     8  usbd_desc.o(i.USBD_USR_LangIDStrDescriptor)
    USBD_USR_ManufacturerStrDescriptor       0x080043e9   Thumb Code    16  usbd_desc.o(i.USBD_USR_ManufacturerStrDescriptor)
    USBD_USR_ProductStrDescriptor            0x08004411   Thumb Code    16  usbd_desc.o(i.USBD_USR_ProductStrDescriptor)
    USBD_USR_SerialStrDescriptor             0x08004449   Thumb Code    16  usbd_desc.o(i.USBD_USR_SerialStrDescriptor)
    USB_OTG_BSP_EnableInterrupt              0x08004479   Thumb Code    40  usb_bsp.o(i.USB_OTG_BSP_EnableInterrupt)
    USB_OTG_BSP_Init                         0x080044a1   Thumb Code   198  usb_bsp.o(i.USB_OTG_BSP_Init)
    USB_OTG_BSP_TimerIRQ                     0x0800456d   Thumb Code    50  usb_bsp.o(i.USB_OTG_BSP_TimerIRQ)
    USB_OTG_BSP_mDelay                       0x080045a5   Thumb Code     6  usb_bsp.o(i.USB_OTG_BSP_mDelay)
    USB_OTG_BSP_uDelay                       0x080045ab   Thumb Code     6  usb_bsp.o(i.USB_OTG_BSP_uDelay)
    USB_OTG_CoreInit                         0x080045b1   Thumb Code   128  usb_core.o(i.USB_OTG_CoreInit)
    USB_OTG_CoreInitDev                      0x08004631   Thumb Code   302  usb_core.o(i.USB_OTG_CoreInitDev)
    USB_OTG_DisableGlobalInt                 0x080047b9   Thumb Code    16  usb_core.o(i.USB_OTG_DisableGlobalInt)
    USB_OTG_EP0Activate                      0x080047c9   Thumb Code    58  usb_core.o(i.USB_OTG_EP0Activate)
    USB_OTG_EP0StartXfer                     0x08004805   Thumb Code   182  usb_core.o(i.USB_OTG_EP0StartXfer)
    USB_OTG_EP0_OutStart                     0x080048bd   Thumb Code    32  usb_core.o(i.USB_OTG_EP0_OutStart)
    USB_OTG_EPActivate                       0x080048e1   Thumb Code    82  usb_core.o(i.USB_OTG_EPActivate)
    USB_OTG_EPClearStall                     0x08004933   Thumb Code    50  usb_core.o(i.USB_OTG_EPClearStall)
    USB_OTG_EPDeactivate                     0x08004965   Thumb Code    52  usb_core.o(i.USB_OTG_EPDeactivate)
    USB_OTG_EPSetStall                       0x08004999   Thumb Code    48  usb_core.o(i.USB_OTG_EPSetStall)
    USB_OTG_EPStartXfer                      0x080049c9   Thumb Code   290  usb_core.o(i.USB_OTG_EPStartXfer)
    USB_OTG_EnableDevInt                     0x08004aed   Thumb Code    74  usb_core.o(i.USB_OTG_EnableDevInt)
    USB_OTG_EnableGlobalInt                  0x08004b3d   Thumb Code    16  usb_core.o(i.USB_OTG_EnableGlobalInt)
    USB_OTG_FlushRxFifo                      0x08004b4d   Thumb Code    52  usb_core.o(i.USB_OTG_FlushRxFifo)
    USB_OTG_FlushTxFifo                      0x08004b85   Thumb Code    60  usb_core.o(i.USB_OTG_FlushTxFifo)
    USB_OTG_GetDeviceSpeed                   0x08004bc5   Thumb Code    38  usb_core.o(i.USB_OTG_GetDeviceSpeed)
    USB_OTG_InitDevSpeed                     0x08004beb   Thumb Code    12  usb_core.o(i.USB_OTG_InitDevSpeed)
    USB_OTG_IsDeviceMode                     0x08004bf7   Thumb Code    18  usb_core.o(i.USB_OTG_IsDeviceMode)
    USB_OTG_ReadCoreItr                      0x08004c09   Thumb Code    10  usb_core.o(i.USB_OTG_ReadCoreItr)
    USB_OTG_ReadDevAllInEPItr                0x08004c13   Thumb Code    12  usb_core.o(i.USB_OTG_ReadDevAllInEPItr)
    USB_OTG_ReadDevAllOutEp_itr              0x08004c1f   Thumb Code    12  usb_core.o(i.USB_OTG_ReadDevAllOutEp_itr)
    USB_OTG_ReadDevOutEP_itr                 0x08004c2b   Thumb Code    16  usb_core.o(i.USB_OTG_ReadDevOutEP_itr)
    USB_OTG_ReadPacket                       0x08004c3b   Thumb Code    32  usb_core.o(i.USB_OTG_ReadPacket)
    USB_OTG_SelectCore                       0x08004c5d   Thumb Code   188  usb_core.o(i.USB_OTG_SelectCore)
    USB_OTG_SetCurrentMode                   0x08004d1d   Thumb Code    42  usb_core.o(i.USB_OTG_SetCurrentMode)
    USB_OTG_WritePacket                      0x08004d47   Thumb Code    40  usb_core.o(i.USB_OTG_WritePacket)
    UsageFault_Handler                       0x08004d6f   Thumb Code     2  stm32f4xx_it.o(i.UsageFault_Handler)
    Usart_Send                               0x08004d71   Thumb Code    30  uart_hardware.o(i.Usart_Send)
    VCP_DataRx                               0x08004de5   Thumb Code    16  usbd_cdc_vcp.o(i.VCP_DataRx)
    VCP_DataTx                               0x08004df9   Thumb Code    42  usbd_cdc_vcp.o(i.VCP_DataTx)
    WorkMemory_ID                            0x08004e35   Thumb Code    58  workmemory.o(i.WorkMemory_ID)
    __ARM_fpclassify                         0x08004e75   Thumb Code    48  fpclassify.o(i.__ARM_fpclassify)
    __hardfp_log                             0x08004ea9   Thumb Code   888  log.o(i.__hardfp_log)
    __kernel_poly                            0x0800528d   Thumb Code   248  poly.o(i.__kernel_poly)
    _is_digit                                0x08005385   Thumb Code    14  __printf_wp.o(i._is_digit)
    feed_pitch                               0x08005395   Thumb Code    96  header_hardware.o(i.feed_pitch)
    fill_mybuffer                            0x08005405   Thumb Code    44  main.o(i.fill_mybuffer)
    main                                     0x08005435   Thumb Code    16  main.o(i.main)
    temperature                              0x08005449   Thumb Code   242  header_hardware.o(i.temperature)
    _get_lc_numeric                          0x08005781   Thumb Code    44  lc_numeric_c.o(locale$$code)
    _get_lc_ctype                            0x080057ad   Thumb Code    44  lc_ctype_c.o(locale$$code)
    __aeabi_dadd                             0x080057d9   Thumb Code     0  daddsub_clz.o(x$fpl$dadd)
    _dadd                                    0x080057d9   Thumb Code   332  daddsub_clz.o(x$fpl$dadd)
    __fpl_dcmp_Inf                           0x08005929   Thumb Code    24  dcmpi.o(x$fpl$dcmpinf)
    __aeabi_ddiv                             0x08005941   Thumb Code     0  ddiv.o(x$fpl$ddiv)
    _ddiv                                    0x08005941   Thumb Code   552  ddiv.o(x$fpl$ddiv)
    __aeabi_cdcmpeq                          0x08005bf1   Thumb Code     0  deqf.o(x$fpl$deqf)
    _dcmpeq                                  0x08005bf1   Thumb Code   120  deqf.o(x$fpl$deqf)
    __aeabi_d2uiz                            0x08005c69   Thumb Code     0  dfixu.o(x$fpl$dfixu)
    _dfixu                                   0x08005c69   Thumb Code    90  dfixu.o(x$fpl$dfixu)
    __aeabi_i2d                              0x08005cc3   Thumb Code     0  dflt_clz.o(x$fpl$dflt)
    _dflt                                    0x08005cc3   Thumb Code    46  dflt_clz.o(x$fpl$dflt)
    __aeabi_ui2d                             0x08005cf1   Thumb Code     0  dflt_clz.o(x$fpl$dfltu)
    _dfltu                                   0x08005cf1   Thumb Code    38  dflt_clz.o(x$fpl$dfltu)
    __aeabi_cdcmple                          0x08005d19   Thumb Code     0  dleqf.o(x$fpl$dleqf)
    _dcmple                                  0x08005d19   Thumb Code   120  dleqf.o(x$fpl$dleqf)
    __fpl_dcmple_InfNaN                      0x08005d7b   Thumb Code     0  dleqf.o(x$fpl$dleqf)
    __aeabi_dmul                             0x08005d91   Thumb Code     0  dmul.o(x$fpl$dmul)
    _dmul                                    0x08005d91   Thumb Code   332  dmul.o(x$fpl$dmul)
    __fpl_dnaninf                            0x08005ee5   Thumb Code   156  dnaninf.o(x$fpl$dnaninf)
    __fpl_dretinf                            0x08005f81   Thumb Code    12  dretinf.o(x$fpl$dretinf)
    __aeabi_drsub                            0x08005f8d   Thumb Code     0  daddsub_clz.o(x$fpl$drsb)
    _drsb                                    0x08005f8d   Thumb Code    22  daddsub_clz.o(x$fpl$drsb)
    __aeabi_dsub                             0x08005fa5   Thumb Code     0  daddsub_clz.o(x$fpl$dsub)
    _dsub                                    0x08005fa5   Thumb Code   464  daddsub_clz.o(x$fpl$dsub)
    _fp_init                                 0x08006179   Thumb Code    10  fpinit.o(x$fpl$fpinit)
    __fplib_config_fpu_vfp                   0x08006181   Thumb Code     0  fpinit.o(x$fpl$fpinit)
    __fplib_config_pureend_doubles           0x08006181   Thumb Code     0  fpinit.o(x$fpl$fpinit)
    _printf_fp_dec                           0x08006183   Thumb Code     4  printf1.o(x$fpl$printf1)
    __I$use$fp                               0x08006186   Number         0  usenofp.o(x$fpl$usenofp)
    Font                                     0x08006188   Data        3072  fonts.o(.constdata)
    __mathlib_zero                           0x08006e00   Data           8  qnan.o(.constdata)
    Region$$Table$$Base                      0x08006e9c   Number         0  anon$$obj.o(Region$$Table)
    Region$$Table$$Limit                     0x08006ebc   Number         0  anon$$obj.o(Region$$Table)
    __ctype                                  0x08006ee5   Data           0  lc_ctype_c.o(locale$$data)
    ON_OFF                                   0x20000000   Data           1  main.o(.data)
    CW_CCW                                   0x20000001   Data           1  main.o(.data)
    BSP_delay                                0x20000004   Data           4  usb_bsp.o(.data)
    USBRx                                    0x20000008   Data           1  usbd_cdc_vcp.o(.data)
    linecoding                               0x2000000c   Data           8  usbd_cdc_vcp.o(.data)
    VCP_fops                                 0x20000014   Data          20  usbd_cdc_vcp.o(.data)
    USR_desc                                 0x20000028   Data          28  usbd_desc.o(.data)
    USBD_LangIDDesc                          0x20000044   Data           4  usbd_desc.o(.data)
    USBD_DeviceDesc                          0x20000048   Data          18  usbd_desc.o(.data)
    USR_cb                                   0x2000005c   Data          28  usbd_usr.o(.data)
    PWM_COUNTER                              0x20000088   Data           4  stm32f4xx_it.o(.data)
    SystemCoreClock                          0x2000008c   Data           4  system_stm32f4xx.o(.data)
    AHBPrescTable                            0x20000090   Data          16  system_stm32f4xx.o(.data)
    USBD_DCD_INT_cb                          0x200000a4   Data          44  usbd_core.o(.data)
    USBD_DCD_INT_fops                        0x200000d0   Data           4  usbd_core.o(.data)
    SET_TEST_MODE                            0x200000d4   Data           4  usbd_core.o(.data)
    USB_Tx_State                             0x200000d8   Data           1  usbd_cdc_core.o(.data)
    APP_Rx_ptr_in                            0x200000e0   Data           4  usbd_cdc_core.o(.data)
    APP_Rx_ptr_out                           0x200000e4   Data           4  usbd_cdc_core.o(.data)
    APP_Rx_length                            0x200000e8   Data           4  usbd_cdc_core.o(.data)
    CmdBuff                                  0x200000f8   Data           8  usbd_cdc_core.o(.data)
    usbd_cdc_CfgDesc                         0x20000100   Data          67  usbd_cdc_core.o(.data)
    USBD_CDC_cb                              0x20000144   Data          44  usbd_cdc_core.o(.data)
    USBD_ep_status                           0x20000174   Data           4  usbd_req.o(.data)
    USBD_default_cfg                         0x20000178   Data           4  usbd_req.o(.data)
    USBD_cfg_status                          0x2000017c   Data           4  usbd_req.o(.data)
    ADCConvertedValue                        0x20000180   Data           2  header_hardware.o(.data)
    STBx_Pin                                 0x20000182   Data          12  header_hardware.o(.data)
    STBx_Port                                0x20000190   Data          24  header_hardware.o(.data)
    STBx_Port_Clk                            0x200001a8   Data          24  header_hardware.o(.data)
    Clocks                                   0x200001c0   Data          16  main.o(.bss)
    USB_OTG_dev                              0x200001d0   Data        1524  main.o(.bss)
    Mybuffer                                 0x200007c4   Data         100  main.o(.bss)
    ReceiveBuffer                            0x20000828   Data         250  main.o(.bss)
    USB_Rx_Buffer                            0x20000922   Data          64  usbd_cdc_core.o(.bss)
    APP_Rx_Buffer                            0x20000962   Data        2048  usbd_cdc_core.o(.bss)
    USBD_StrDesc                             0x20001162   Data         255  usbd_req.o(.bss)
    PWM                                      0x20001264   Data          16  header_hardware.o(.bss)
    __libspace_start                         0x20001274   Data          96  libspace.o(.bss)
    __temporary_stack_top$libspace           0x200012d4   Data           0  libspace.o(.bss)



==============================================================================

Memory Map of the image

  Image Entry point : 0x08000189

  Load Region LR_IROM1 (Base: 0x08000000, Size: 0x000071a8, Max: 0x00100000, ABSOLUTE, COMPRESSED[0x000070e0])

    Execution Region ER_IROM1 (Base: 0x08000000, Size: 0x00006fe8, Max: 0x00100000, ABSOLUTE)

    Base Addr    Size         Type   Attr      Idx    E Section Name        Object

    0x08000000   0x00000188   Data   RO            3    RESET               startup_stm32f4xx.o
    0x08000188   0x00000008   Code   RO         4135  * !!!main             c_w.l(__main.o)
    0x08000190   0x00000034   Code   RO         4417    !!!scatter          c_w.l(__scatter.o)
    0x080001c4   0x0000005a   Code   RO         4415    !!dczerorl2         c_w.l(__dczerorl2.o)
    0x0800021e   0x00000002   PAD
    0x08000220   0x0000001c   Code   RO         4419    !!handler_zi        c_w.l(__scatter_zi.o)
    0x0800023c   0x00000000   Code   RO         4124    .ARM.Collect$$_printf_percent$$00000000  c_w.l(_printf_percent.o)
    0x0800023c   0x00000006   Code   RO         4123    .ARM.Collect$$_printf_percent$$00000003  c_w.l(_printf_f.o)
    0x08000242   0x00000006   Code   RO         4120    .ARM.Collect$$_printf_percent$$00000008  c_w.l(_printf_i.o)
    0x08000248   0x00000006   Code   RO         4122    .ARM.Collect$$_printf_percent$$0000000A  c_w.l(_printf_u.o)
    0x0800024e   0x00000006   Code   RO         4119    .ARM.Collect$$_printf_percent$$0000000C  c_w.l(_printf_x.o)
    0x08000254   0x00000006   Code   RO         4118    .ARM.Collect$$_printf_percent$$00000014  c_w.l(_printf_s.o)
    0x0800025a   0x00000004   Code   RO         4193    .ARM.Collect$$_printf_percent$$00000017  c_w.l(_printf_percent_end.o)
    0x0800025e   0x00000002   Code   RO         4291    .ARM.Collect$$libinit$$00000000  c_w.l(libinit.o)
    0x08000260   0x00000004   Code   RO         4292    .ARM.Collect$$libinit$$00000001  c_w.l(libinit2.o)
    0x08000264   0x00000000   Code   RO         4296    .ARM.Collect$$libinit$$00000008  c_w.l(libinit2.o)
    0x08000264   0x00000000   Code   RO         4298    .ARM.Collect$$libinit$$0000000A  c_w.l(libinit2.o)
    0x08000264   0x00000000   Code   RO         4300    .ARM.Collect$$libinit$$0000000C  c_w.l(libinit2.o)
    0x08000264   0x00000006   Code   RO         4301    .ARM.Collect$$libinit$$0000000D  c_w.l(libinit2.o)
    0x0800026a   0x00000000   Code   RO         4303    .ARM.Collect$$libinit$$0000000F  c_w.l(libinit2.o)
    0x0800026a   0x0000000c   Code   RO         4304    .ARM.Collect$$libinit$$00000010  c_w.l(libinit2.o)
    0x08000276   0x00000000   Code   RO         4305    .ARM.Collect$$libinit$$00000011  c_w.l(libinit2.o)
    0x08000276   0x00000000   Code   RO         4307    .ARM.Collect$$libinit$$00000013  c_w.l(libinit2.o)
    0x08000276   0x0000000a   Code   RO         4308    .ARM.Collect$$libinit$$00000014  c_w.l(libinit2.o)
    0x08000280   0x00000000   Code   RO         4309    .ARM.Collect$$libinit$$00000015  c_w.l(libinit2.o)
    0x08000280   0x00000000   Code   RO         4311    .ARM.Collect$$libinit$$00000017  c_w.l(libinit2.o)
    0x08000280   0x00000000   Code   RO         4313    .ARM.Collect$$libinit$$00000019  c_w.l(libinit2.o)
    0x08000280   0x00000000   Code   RO         4315    .ARM.Collect$$libinit$$0000001B  c_w.l(libinit2.o)
    0x08000280   0x00000000   Code   RO         4317    .ARM.Collect$$libinit$$0000001D  c_w.l(libinit2.o)
    0x08000280   0x00000000   Code   RO         4319    .ARM.Collect$$libinit$$0000001F  c_w.l(libinit2.o)
    0x08000280   0x00000000   Code   RO         4321    .ARM.Collect$$libinit$$00000021  c_w.l(libinit2.o)
    0x08000280   0x00000000   Code   RO         4323    .ARM.Collect$$libinit$$00000023  c_w.l(libinit2.o)
    0x08000280   0x00000000   Code   RO         4327    .ARM.Collect$$libinit$$0000002A  c_w.l(libinit2.o)
    0x08000280   0x00000000   Code   RO         4329    .ARM.Collect$$libinit$$0000002C  c_w.l(libinit2.o)
    0x08000280   0x00000000   Code   RO         4331    .ARM.Collect$$libinit$$0000002E  c_w.l(libinit2.o)
    0x08000280   0x00000000   Code   RO         4333    .ARM.Collect$$libinit$$00000030  c_w.l(libinit2.o)
    0x08000280   0x00000002   Code   RO         4334    .ARM.Collect$$libinit$$00000031  c_w.l(libinit2.o)
    0x08000282   0x00000002   Code   RO         4364    .ARM.Collect$$libshutdown$$00000000  c_w.l(libshutdown.o)
    0x08000284   0x00000000   Code   RO         4376    .ARM.Collect$$libshutdown$$00000003  c_w.l(libshutdown2.o)
    0x08000284   0x00000000   Code   RO         4379    .ARM.Collect$$libshutdown$$00000006  c_w.l(libshutdown2.o)
    0x08000284   0x00000000   Code   RO         4382    .ARM.Collect$$libshutdown$$00000009  c_w.l(libshutdown2.o)
    0x08000284   0x00000000   Code   RO         4384    .ARM.Collect$$libshutdown$$0000000B  c_w.l(libshutdown2.o)
    0x08000284   0x00000000   Code   RO         4387    .ARM.Collect$$libshutdown$$0000000E  c_w.l(libshutdown2.o)
    0x08000284   0x00000002   Code   RO         4388    .ARM.Collect$$libshutdown$$0000000F  c_w.l(libshutdown2.o)
    0x08000286   0x00000000   Code   RO         4175    .ARM.Collect$$rtentry$$00000000  c_w.l(rtentry.o)
    0x08000286   0x00000000   Code   RO         4214    .ARM.Collect$$rtentry$$00000002  c_w.l(rtentry2.o)
    0x08000286   0x00000006   Code   RO         4226    .ARM.Collect$$rtentry$$00000004  c_w.l(rtentry4.o)
    0x0800028c   0x00000000   Code   RO         4216    .ARM.Collect$$rtentry$$00000009  c_w.l(rtentry2.o)
    0x0800028c   0x00000004   Code   RO         4217    .ARM.Collect$$rtentry$$0000000A  c_w.l(rtentry2.o)
    0x08000290   0x00000000   Code   RO         4219    .ARM.Collect$$rtentry$$0000000C  c_w.l(rtentry2.o)
    0x08000290   0x00000008   Code   RO         4220    .ARM.Collect$$rtentry$$0000000D  c_w.l(rtentry2.o)
    0x08000298   0x00000002   Code   RO         4335    .ARM.Collect$$rtexit$$00000000  c_w.l(rtexit.o)
    0x0800029a   0x00000000   Code   RO         4342    .ARM.Collect$$rtexit$$00000002  c_w.l(rtexit2.o)
    0x0800029a   0x00000004   Code   RO         4343    .ARM.Collect$$rtexit$$00000003  c_w.l(rtexit2.o)
    0x0800029e   0x00000006   Code   RO         4344    .ARM.Collect$$rtexit$$00000004  c_w.l(rtexit2.o)
    0x080002a4   0x00000050   Code   RO            4    .text               startup_stm32f4xx.o
    0x080002f4   0x00000028   Code   RO         4069    .text               c_w.l(noretval__2sprintf.o)
    0x0800031c   0x00000052   Code   RO         4073    .text               c_w.l(_printf_str.o)
    0x0800036e   0x00000002   PAD
    0x08000370   0x00000078   Code   RO         4075    .text               c_w.l(_printf_dec.o)
    0x080003e8   0x0000005c   Code   RO         4080    .text               c_w.l(_printf_hex_int.o)
    0x08000444   0x0000013c   Code   RO         4110    .text               c_w.l(__printf_flags_wp.o)
    0x08000580   0x0000001a   Code   RO         4125    .text               c_w.l(atoi.o)
    0x0800059a   0x00000048   Code   RO         4127    .text               c_w.l(strcpy.o)
    0x080005e2   0x0000003e   Code   RO         4129    .text               c_w.l(strlen.o)
    0x08000620   0x0000004e   Code   RO         4131    .text               c_w.l(rt_memclr_w.o)
    0x0800066e   0x00000006   Code   RO         4133    .text               c_w.l(heapauxi.o)
    0x08000674   0x00000008   Code   RO         4179    .text               c_w.l(rt_errno_addr_intlibspace.o)
    0x0800067c   0x00000016   Code   RO         4181    .text               c_w.l(_rserrno.o)
    0x08000692   0x000000b8   Code   RO         4183    .text               c_w.l(_printf_intcommon.o)
    0x0800074a   0x00000420   Code   RO         4185    .text               c_w.l(_printf_fp_dec.o)
    0x08000b6a   0x00000002   PAD
    0x08000b6c   0x00000030   Code   RO         4187    .text               c_w.l(_printf_char_common.o)
    0x08000b9c   0x0000000a   Code   RO         4189    .text               c_w.l(_sputc.o)
    0x08000ba6   0x0000002c   Code   RO         4191    .text               c_w.l(_printf_char.o)
    0x08000bd2   0x00000070   Code   RO         4194    .text               c_w.l(strtol.o)
    0x08000c42   0x00000002   PAD
    0x08000c44   0x00000008   Code   RO         4210    .text               c_w.l(libspace.o)
    0x08000c4c   0x00000010   Code   RO         4228    .text               c_w.l(rt_ctype_table.o)
    0x08000c5c   0x00000008   Code   RO         4233    .text               c_w.l(rt_locale_intlibspace.o)
    0x08000c64   0x0000008a   Code   RO         4235    .text               c_w.l(lludiv10.o)
    0x08000cee   0x00000002   PAD
    0x08000cf0   0x00000080   Code   RO         4237    .text               c_w.l(_printf_fp_infnan.o)
    0x08000d70   0x0000009e   Code   RO         4241    .text               c_w.l(_strtoul.o)
    0x08000e0e   0x00000002   PAD
    0x08000e10   0x000000e4   Code   RO         4243    .text               c_w.l(bigflt0.o)
    0x08000ef4   0x0000004a   Code   RO         4275    .text               c_w.l(sys_stackheap_outer.o)
    0x08000f3e   0x0000001c   Code   RO         4277    .text               c_w.l(_chval.o)
    0x08000f5a   0x0000000c   Code   RO         4282    .text               c_w.l(exit.o)
    0x08000f66   0x00000002   PAD
    0x08000f68   0x00000080   Code   RO         4284    .text               c_w.l(strcmpv7m.o)
    0x08000fe8   0x0000000c   Code   RO         4354    .text               c_w.l(sys_exit.o)
    0x08000ff4   0x00000002   Code   RO         4365    .text               c_w.l(use_no_semi.o)
    0x08000ff6   0x00000000   Code   RO         4367    .text               c_w.l(indicate_semi.o)
    0x08000ff6   0x0000003e   Code   RO         4246    CL$$btod_d2e        c_w.l(btod.o)
    0x08001034   0x00000046   Code   RO         4248    CL$$btod_d2e_denorm_low  c_w.l(btod.o)
    0x0800107a   0x00000060   Code   RO         4247    CL$$btod_d2e_norm_op1  c_w.l(btod.o)
    0x080010da   0x00000338   Code   RO         4256    CL$$btod_div_common  c_w.l(btod.o)
    0x08001412   0x000000c6   Code   RO         4253    CL$$btod_e2e        c_w.l(btod.o)
    0x080014d8   0x00000028   Code   RO         4250    CL$$btod_ediv       c_w.l(btod.o)
    0x08001500   0x00000028   Code   RO         4249    CL$$btod_emul       c_w.l(btod.o)
    0x08001528   0x00000244   Code   RO         4255    CL$$btod_mult_common  c_w.l(btod.o)
    0x0800176c   0x00000014   Code   RO         2482    i.ADC_Cmd           stm32f4xx_adc.o
    0x08001780   0x00000028   Code   RO         2483    i.ADC_CommonInit    stm32f4xx_adc.o
    0x080017a8   0x00000006   Code   RO         2494    i.ADC_GetConversionValue  stm32f4xx_adc.o
    0x080017ae   0x0000000e   Code   RO         2495    i.ADC_GetFlagStatus  stm32f4xx_adc.o
    0x080017bc   0x0000004c   Code   RO         2502    i.ADC_Init          stm32f4xx_adc.o
    0x08001808   0x00000074   Code   RO         2507    i.ADC_RegularChannelConfig  stm32f4xx_adc.o
    0x0800187c   0x0000000a   Code   RO         2509    i.ADC_SoftwareStartConv  stm32f4xx_adc.o
    0x08001886   0x00000002   PAD
    0x08001888   0x00000024   Code   RO          195    i.BSP_Delay         usb_bsp.o
    0x080018ac   0x0000006a   Code   RO          196    i.BSP_SetTime       usb_bsp.o
    0x08001916   0x00000002   PAD
    0x08001918   0x00000048   Code   RO         3973    i.BaseTimePwm       header_hardware.o
    0x08001960   0x00000060   Code   RO         3212    i.Blink             gpio_user.o
    0x080019c0   0x0000006c   Code   RO         3213    i.Blinking          gpio_user.o
    0x08001a2c   0x00000002   Code   RO         2718    i.BusFault_Handler  stm32f4xx_it.o
    0x08001a2e   0x00000002   PAD
    0x08001a30   0x00000038   Code   RO         3974    i.ClearPrinterBuffer  header_hardware.o
    0x08001a68   0x0000002c   Code   RO         3339    i.DCD_EP_Close      usb_dcd.o
    0x08001a94   0x00000038   Code   RO         3340    i.DCD_EP_ClrStall   usb_dcd.o
    0x08001acc   0x0000003c   Code   RO         3342    i.DCD_EP_Open       usb_dcd.o
    0x08001b08   0x0000003a   Code   RO         3343    i.DCD_EP_PrepareRx  usb_dcd.o
    0x08001b42   0x00000010   Code   RO         3344    i.DCD_EP_SetAddress  usb_dcd.o
    0x08001b52   0x00000038   Code   RO         3345    i.DCD_EP_Stall      usb_dcd.o
    0x08001b8a   0x00000036   Code   RO         3346    i.DCD_EP_Tx         usb_dcd.o
    0x08001bc0   0x000000cc   Code   RO         3283    i.DCD_HandleInEP_ISR  usb_dcd_int.o
    0x08001c8c   0x000000ac   Code   RO         3284    i.DCD_HandleOutEP_ISR  usb_dcd_int.o
    0x08001d38   0x0000007c   Code   RO         3285    i.DCD_HandleRxStatusQueueLevel_ISR  usb_dcd_int.o
    0x08001db4   0x00000070   Code   RO         3286    i.DCD_HandleUSBSuspend_ISR  usb_dcd_int.o
    0x08001e24   0x00000084   Code   RO         3287    i.DCD_HandleUsbReset_ISR  usb_dcd_int.o
    0x08001ea8   0x0000008a   Code   RO         3348    i.DCD_Init          usb_dcd.o
    0x08001f32   0x0000007a   Code   RO         3288    i.DCD_WriteEmptyTxFifo  usb_dcd_int.o
    0x08001fac   0x00000002   Code   RO         2719    i.DebugMon_Handler  stm32f4xx_it.o
    0x08001fae   0x00000002   PAD
    0x08001fb0   0x0000001c   Code   RO         3075    i.Delayms           delay.o
    0x08001fcc   0x0000001c   Code   RO         3076    i.Delays            delay.o
    0x08001fe8   0x00000014   Code   RO         3077    i.Delayus           delay.o
    0x08001ffc   0x000000a2   Code   RO          822    i.GPIO_Init         stm32f4xx_gpio.o
    0x0800209e   0x00000020   Code   RO          823    i.GPIO_PinAFConfig  stm32f4xx_gpio.o
    0x080020be   0x0000000e   Code   RO          826    i.GPIO_ReadInputDataBit  stm32f4xx_gpio.o
    0x080020cc   0x00000004   Code   RO          829    i.GPIO_ResetBits    stm32f4xx_gpio.o
    0x080020d0   0x00000004   Code   RO          830    i.GPIO_SetBits      stm32f4xx_gpio.o
    0x080020d4   0x00000068   Code   RO         3752    i.Handle_USBAsynchXfer  usbd_cdc_core.o
    0x0800213c   0x00000002   Code   RO         2720    i.HardFault_Handler  stm32f4xx_it.o
    0x0800213e   0x00000002   PAD
    0x08002140   0x000001ac   Code   RO         3975    i.Header_Init       header_hardware.o
    0x080022ec   0x00000048   Code   RO         3078    i.InitDelay         delay.o
    0x08002334   0x0000005c   Code   RO         3976    i.Init_HADC         header_hardware.o
    0x08002390   0x0000005c   Code   RO         3977    i.Init_HPrinterSPI  header_hardware.o
    0x080023ec   0x000000ac   Code   RO         3978    i.Init_HTIMx        header_hardware.o
    0x08002498   0x00000078   Code   RO         3216    i.Init_LedBi        gpio_user.o
    0x08002510   0x00000034   Code   RO         3979    i.IsPaper           header_hardware.o
    0x08002544   0x00000002   Code   RO         2721    i.MemManage_Handler  stm32f4xx_it.o
    0x08002546   0x00000002   PAD
    0x08002548   0x00000a10   Code   RO           12    i.MyMenu            main.o
    0x08002f58   0x00000002   Code   RO         2722    i.NMI_Handler       stm32f4xx_it.o
    0x08002f5a   0x00000002   PAD
    0x08002f5c   0x00000064   Code   RO         1369    i.NVIC_Init         misc.o
    0x08002fc0   0x00000014   Code   RO         1370    i.NVIC_PriorityGroupConfig  misc.o
    0x08002fd4   0x00000014   Code   RO         1371    i.NVIC_SetVectorTable  misc.o
    0x08002fe8   0x0000000c   Code   RO         2723    i.OTG_FS_IRQHandler  stm32f4xx_it.o
    0x08002ff4   0x00000002   Code   RO         2724    i.OTG_HS_IRQHandler  stm32f4xx_it.o
    0x08002ff6   0x00000002   PAD
    0x08002ff8   0x0000010c   Code   RO         3030    i.Open_UartPC       uart_hardware.o
    0x08003104   0x00000034   Code   RO         3980    i.PWMBaseTimeChanging  header_hardware.o
    0x08003138   0x00000002   Code   RO         2725    i.PendSV_Handler    stm32f4xx_it.o
    0x0800313a   0x00000002   PAD
    0x0800313c   0x000000c4   Code   RO         3981    i.PrintDots         header_hardware.o
    0x08003200   0x00000020   Code   RO         3982    i.Printer_SendWorld  header_hardware.o
    0x08003220   0x00000018   Code   RO          919    i.RCC_AHB1PeriphClockCmd  stm32f4xx_rcc.o
    0x08003238   0x00000018   Code   RO          922    i.RCC_AHB2PeriphClockCmd  stm32f4xx_rcc.o
    0x08003250   0x00000018   Code   RO          928    i.RCC_APB1PeriphClockCmd  stm32f4xx_rcc.o
    0x08003268   0x00000018   Code   RO          931    i.RCC_APB2PeriphClockCmd  stm32f4xx_rcc.o
    0x08003280   0x00000094   Code   RO          940    i.RCC_GetClocksFreq  stm32f4xx_rcc.o
    0x08003314   0x00000002   Code   RO         2726    i.SDIO_IRQHandler   stm32f4xx_it.o
    0x08003316   0x00000014   Code   RO         1211    i.SPI_Cmd           stm32f4xx_spi.o
    0x0800332a   0x00000004   Code   RO         1223    i.SPI_I2S_SendData  stm32f4xx_spi.o
    0x0800332e   0x00000038   Code   RO         1224    i.SPI_Init          stm32f4xx_spi.o
    0x08003366   0x00000002   Code   RO         2728    i.SVC_Handler       stm32f4xx_it.o
    0x08003368   0x00000050   Code   RO         3220    i.SetColor          gpio_user.o
    0x080033b8   0x000000b4   Code   RO         2843    i.SetSysClock       system_stm32f4xx.o
    0x0800346c   0x0000011c   Code   RO         2882    i.Spi1_Open         workmemory.o
    0x08003588   0x00000024   Code   RO         2883    i.Spi1_Read         workmemory.o
    0x080035ac   0x00000024   Code   RO         2885    i.Spi1_Write        workmemory.o
    0x080035d0   0x00000018   Code   RO         1373    i.SysTick_CLKSourceConfig  misc.o
    0x080035e8   0x00000004   Code   RO         2729    i.SysTick_Handler   stm32f4xx_it.o
    0x080035ec   0x0000005c   Code   RO         2845    i.SystemInit        system_stm32f4xx.o
    0x08003648   0x00000002   Code   RO         2730    i.TAMP_STAMP_IRQHandler  stm32f4xx_it.o
    0x0800364a   0x00000002   PAD
    0x0800364c   0x00000070   Code   RO         2731    i.TIM1_CC_IRQHandler  stm32f4xx_it.o
    0x080036bc   0x00000004   Code   RO         2732    i.TIM2_IRQHandler   stm32f4xx_it.o
    0x080036c0   0x00000014   Code   RO         1603    i.TIM_ARRPreloadConfig  stm32f4xx_tim.o
    0x080036d4   0x00000016   Code   RO         1608    i.TIM_CCxNCmd       stm32f4xx_tim.o
    0x080036ea   0x00000006   Code   RO         1610    i.TIM_ClearITPendingBit  stm32f4xx_tim.o
    0x080036f0   0x00000014   Code   RO         1615    i.TIM_Cmd           stm32f4xx_tim.o
    0x08003704   0x00000016   Code   RO         1617    i.TIM_CtrlPWMOutputs  stm32f4xx_tim.o
    0x0800371a   0x00000018   Code   RO         1636    i.TIM_GetITStatus   stm32f4xx_tim.o
    0x08003732   0x00000010   Code   RO         1640    i.TIM_ITConfig      stm32f4xx_tim.o
    0x08003742   0x00000002   PAD
    0x08003744   0x00000060   Code   RO         1644    i.TIM_OC1Init       stm32f4xx_tim.o
    0x080037a4   0x00000004   Code   RO         1677    i.TIM_SetCompare1   stm32f4xx_tim.o
    0x080037a8   0x0000007c   Code   RO         1687    i.TIM_TimeBaseInit  stm32f4xx_tim.o
    0x08003824   0x000000a0   Code   RO           13    i.TestInit          main.o
    0x080038c4   0x000000a4   Code   RO         3950    i.ThermalPrint      fonts.o
    0x08003968   0x00000014   Code   RO         3079    i.TimingDelay_Decrement  delay.o
    0x0800397c   0x00000014   Code   RO         1417    i.USART_Cmd         stm32f4xx_usart.o
    0x08003990   0x000000b8   Code   RO         1424    i.USART_Init        stm32f4xx_usart.o
    0x08003a48   0x00000008   Code   RO         1434    i.USART_SendData    stm32f4xx_usart.o
    0x08003a50   0x0000000e   Code   RO         3651    i.USBD_ClrCfg       usbd_core.o
    0x08003a5e   0x00000012   Code   RO         3821    i.USBD_CtlContinueRx  usbd_ioreq.o
    0x08003a70   0x00000012   Code   RO         3822    i.USBD_CtlContinueSendData  usbd_ioreq.o
    0x08003a82   0x0000001c   Code   RO         3877    i.USBD_CtlError     usbd_req.o
    0x08003a9e   0x00000020   Code   RO         3823    i.USBD_CtlPrepareRx  usbd_ioreq.o
    0x08003abe   0x00000022   Code   RO         3824    i.USBD_CtlReceiveStatus  usbd_ioreq.o
    0x08003ae0   0x00000020   Code   RO         3825    i.USBD_CtlSendData  usbd_ioreq.o
    0x08003b00   0x00000022   Code   RO         3826    i.USBD_CtlSendStatus  usbd_ioreq.o
    0x08003b22   0x00000002   PAD
    0x08003b24   0x000000b0   Code   RO         3652    i.USBD_DataInStage  usbd_core.o
    0x08003bd4   0x00000078   Code   RO         3653    i.USBD_DataOutStage  usbd_core.o
    0x08003c4c   0x00000016   Code   RO         3655    i.USBD_DevConnected  usbd_core.o
    0x08003c62   0x00000020   Code   RO         3656    i.USBD_DevDisconnected  usbd_core.o
    0x08003c82   0x000000d2   Code   RO         3878    i.USBD_GetDescriptor  usbd_req.o
    0x08003d54   0x00000046   Code   RO         3879    i.USBD_GetString    usbd_req.o
    0x08003d9a   0x00000036   Code   RO         3657    i.USBD_Init         usbd_core.o
    0x08003dd0   0x0000000e   Code   RO         3658    i.USBD_IsoINIncomplete  usbd_core.o
    0x08003dde   0x0000000e   Code   RO         3659    i.USBD_IsoOUTIncomplete  usbd_core.o
    0x08003dec   0x00000178   Code   RO         3289    i.USBD_OTG_ISR_Handler  usb_dcd_int.o
    0x08003f64   0x00000044   Code   RO         3880    i.USBD_ParseSetupRequest  usbd_req.o
    0x08003fa8   0x0000002e   Code   RO         3660    i.USBD_Reset        usbd_core.o
    0x08003fd6   0x00000016   Code   RO         3661    i.USBD_Resume       usbd_core.o
    0x08003fec   0x00000010   Code   RO         3662    i.USBD_SOF          usbd_core.o
    0x08003ffc   0x0000001a   Code   RO         3663    i.USBD_SetCfg       usbd_core.o
    0x08004016   0x00000002   PAD
    0x08004018   0x00000074   Code   RO         3881    i.USBD_SetConfig    usbd_req.o
    0x0800408c   0x0000007c   Code   RO         3882    i.USBD_SetFeature   usbd_req.o
    0x08004108   0x00000048   Code   RO         3664    i.USBD_SetupStage   usbd_core.o
    0x08004150   0x000000f0   Code   RO         3883    i.USBD_StdDevReq    usbd_req.o
    0x08004240   0x000000d4   Code   RO         3884    i.USBD_StdEPReq     usbd_req.o
    0x08004314   0x00000036   Code   RO         3885    i.USBD_StdItfReq    usbd_req.o
    0x0800434a   0x0000001a   Code   RO         3665    i.USBD_Suspend      usbd_core.o
    0x08004364   0x00000020   Code   RO          330    i.USBD_USR_ConfigStrDescriptor  usbd_desc.o
    0x08004384   0x00000002   Code   RO          398    i.USBD_USR_DeviceConfigured  usbd_usr.o
    0x08004386   0x00000006   Code   RO          399    i.USBD_USR_DeviceConnected  usbd_usr.o
    0x0800438c   0x0000000c   Code   RO          331    i.USBD_USR_DeviceDescriptor  usbd_desc.o
    0x08004398   0x00000006   Code   RO          400    i.USBD_USR_DeviceDisconnected  usbd_usr.o
    0x0800439e   0x00000002   Code   RO          401    i.USBD_USR_DeviceReset  usbd_usr.o
    0x080043a0   0x00000002   Code   RO          402    i.USBD_USR_DeviceResumed  usbd_usr.o
    0x080043a2   0x00000002   Code   RO          403    i.USBD_USR_DeviceSuspended  usbd_usr.o
    0x080043a4   0x00000014   Code   RO          404    i.USBD_USR_Init     usbd_usr.o
    0x080043b8   0x00000024   Code   RO          332    i.USBD_USR_InterfaceStrDescriptor  usbd_desc.o
    0x080043dc   0x0000000c   Code   RO          333    i.USBD_USR_LangIDStrDescriptor  usbd_desc.o
    0x080043e8   0x00000028   Code   RO          334    i.USBD_USR_ManufacturerStrDescriptor  usbd_desc.o
    0x08004410   0x00000038   Code   RO          335    i.USBD_USR_ProductStrDescriptor  usbd_desc.o
    0x08004448   0x00000024   Code   RO          336    i.USBD_USR_SerialStrDescriptor  usbd_desc.o
    0x0800446c   0x0000000c   Code   RO         3753    i.USBD_cdc_GetCfgDesc  usbd_cdc_core.o
    0x08004478   0x00000028   Code   RO          199    i.USB_OTG_BSP_EnableInterrupt  usb_bsp.o
    0x080044a0   0x000000cc   Code   RO          200    i.USB_OTG_BSP_Init  usb_bsp.o
    0x0800456c   0x00000038   Code   RO          201    i.USB_OTG_BSP_TimerIRQ  usb_bsp.o
    0x080045a4   0x00000006   Code   RO          202    i.USB_OTG_BSP_mDelay  usb_bsp.o
    0x080045aa   0x00000006   Code   RO          203    i.USB_OTG_BSP_uDelay  usb_bsp.o
    0x080045b0   0x00000080   Code   RO         3430    i.USB_OTG_CoreInit  usb_core.o
    0x08004630   0x0000012e   Code   RO         3431    i.USB_OTG_CoreInitDev  usb_core.o
    0x0800475e   0x00000002   PAD
    0x08004760   0x00000058   Code   RO         3432    i.USB_OTG_CoreReset  usb_core.o
    0x080047b8   0x00000010   Code   RO         3433    i.USB_OTG_DisableGlobalInt  usb_core.o
    0x080047c8   0x0000003a   Code   RO         3434    i.USB_OTG_EP0Activate  usb_core.o
    0x08004802   0x00000002   PAD
    0x08004804   0x000000b6   Code   RO         3435    i.USB_OTG_EP0StartXfer  usb_core.o
    0x080048ba   0x00000002   PAD
    0x080048bc   0x00000024   Code   RO         3436    i.USB_OTG_EP0_OutStart  usb_core.o
    0x080048e0   0x00000052   Code   RO         3437    i.USB_OTG_EPActivate  usb_core.o
    0x08004932   0x00000032   Code   RO         3438    i.USB_OTG_EPClearStall  usb_core.o
    0x08004964   0x00000034   Code   RO         3439    i.USB_OTG_EPDeactivate  usb_core.o
    0x08004998   0x00000030   Code   RO         3440    i.USB_OTG_EPSetStall  usb_core.o
    0x080049c8   0x00000122   Code   RO         3441    i.USB_OTG_EPStartXfer  usb_core.o
    0x08004aea   0x00000002   PAD
    0x08004aec   0x00000050   Code   RO         3442    i.USB_OTG_EnableDevInt  usb_core.o
    0x08004b3c   0x00000010   Code   RO         3443    i.USB_OTG_EnableGlobalInt  usb_core.o
    0x08004b4c   0x00000038   Code   RO         3444    i.USB_OTG_FlushRxFifo  usb_core.o
    0x08004b84   0x00000040   Code   RO         3445    i.USB_OTG_FlushTxFifo  usb_core.o
    0x08004bc4   0x00000026   Code   RO         3446    i.USB_OTG_GetDeviceSpeed  usb_core.o
    0x08004bea   0x0000000c   Code   RO         3449    i.USB_OTG_InitDevSpeed  usb_core.o
    0x08004bf6   0x00000012   Code   RO         3450    i.USB_OTG_IsDeviceMode  usb_core.o
    0x08004c08   0x0000000a   Code   RO         3452    i.USB_OTG_ReadCoreItr  usb_core.o
    0x08004c12   0x0000000c   Code   RO         3453    i.USB_OTG_ReadDevAllInEPItr  usb_core.o
    0x08004c1e   0x0000000c   Code   RO         3454    i.USB_OTG_ReadDevAllOutEp_itr  usb_core.o
    0x08004c2a   0x00000010   Code   RO         3455    i.USB_OTG_ReadDevOutEP_itr  usb_core.o
    0x08004c3a   0x00000020   Code   RO         3457    i.USB_OTG_ReadPacket  usb_core.o
    0x08004c5a   0x00000002   PAD
    0x08004c5c   0x000000c0   Code   RO         3458    i.USB_OTG_SelectCore  usb_core.o
    0x08004d1c   0x0000002a   Code   RO         3459    i.USB_OTG_SetCurrentMode  usb_core.o
    0x08004d46   0x00000028   Code   RO         3463    i.USB_OTG_WritePacket  usb_core.o
    0x08004d6e   0x00000002   Code   RO         2733    i.UsageFault_Handler  stm32f4xx_it.o
    0x08004d70   0x0000001e   Code   RO         3033    i.Usart_Send        uart_hardware.o
    0x08004d8e   0x00000002   PAD
    0x08004d90   0x00000054   Code   RO          281    i.VCP_Ctrl          usbd_cdc_vcp.o
    0x08004de4   0x00000014   Code   RO          282    i.VCP_DataRx        usbd_cdc_vcp.o
    0x08004df8   0x00000034   Code   RO          283    i.VCP_DataTx        usbd_cdc_vcp.o
    0x08004e2c   0x00000004   Code   RO          284    i.VCP_DeInit        usbd_cdc_vcp.o
    0x08004e30   0x00000004   Code   RO          285    i.VCP_Init          usbd_cdc_vcp.o
    0x08004e34   0x00000040   Code   RO         2888    i.WorkMemory_ID     workmemory.o
    0x08004e74   0x00000030   Code   RO         4273    i.__ARM_fpclassify  m_wm.l(fpclassify.o)
    0x08004ea4   0x00000004   PAD
    0x08004ea8   0x000003e4   Code   RO         4161    i.__hardfp_log      m_wm.l(log.o)
    0x0800528c   0x000000f8   Code   RO         4207    i.__kernel_poly     m_wm.l(poly.o)
    0x08005384   0x0000000e   Code   RO         4108    i._is_digit         c_w.l(__printf_wp.o)
    0x08005392   0x00000002   PAD
    0x08005394   0x00000070   Code   RO         3983    i.feed_pitch        header_hardware.o
    0x08005404   0x00000030   Code   RO           14    i.fill_mybuffer     main.o
    0x08005434   0x00000014   Code   RO           15    i.main              main.o
    0x08005448   0x00000144   Code   RO         3984    i.temperature       header_hardware.o
    0x0800558c   0x00000048   Code   RO         3754    i.usbd_cdc_DataIn   usbd_cdc_core.o
    0x080055d4   0x00000034   Code   RO         3755    i.usbd_cdc_DataOut  usbd_cdc_core.o
    0x08005608   0x00000028   Code   RO         3756    i.usbd_cdc_DeInit   usbd_cdc_core.o
    0x08005630   0x00000028   Code   RO         3757    i.usbd_cdc_EP0_RxReady  usbd_cdc_core.o
    0x08005658   0x00000054   Code   RO         3758    i.usbd_cdc_Init     usbd_cdc_core.o
    0x080056ac   0x00000020   Code   RO         3759    i.usbd_cdc_SOF      usbd_cdc_core.o
    0x080056cc   0x000000b4   Code   RO         3760    i.usbd_cdc_Setup    usbd_cdc_core.o
    0x08005780   0x0000002c   Code   RO         4269    locale$$code        c_w.l(lc_numeric_c.o)
    0x080057ac   0x0000002c   Code   RO         4280    locale$$code        c_w.l(lc_ctype_c.o)
    0x080057d8   0x00000150   Code   RO         4137    x$fpl$dadd          fz_wm.l(daddsub_clz.o)
    0x08005928   0x00000018   Code   RO         4196    x$fpl$dcmpinf       fz_wm.l(dcmpi.o)
    0x08005940   0x000002b0   Code   RO         4144    x$fpl$ddiv          fz_wm.l(ddiv.o)
    0x08005bf0   0x00000078   Code   RO         4198    x$fpl$deqf          fz_wm.l(deqf.o)
    0x08005c68   0x0000005a   Code   RO         4147    x$fpl$dfixu         fz_wm.l(dfixu.o)
    0x08005cc2   0x0000002e   Code   RO         4152    x$fpl$dflt          fz_wm.l(dflt_clz.o)
    0x08005cf0   0x00000026   Code   RO         4151    x$fpl$dfltu         fz_wm.l(dflt_clz.o)
    0x08005d16   0x00000002   PAD
    0x08005d18   0x00000078   Code   RO         4157    x$fpl$dleqf         fz_wm.l(dleqf.o)
    0x08005d90   0x00000154   Code   RO         4200    x$fpl$dmul          fz_wm.l(dmul.o)
    0x08005ee4   0x0000009c   Code   RO         4202    x$fpl$dnaninf       fz_wm.l(dnaninf.o)
    0x08005f80   0x0000000c   Code   RO         4204    x$fpl$dretinf       fz_wm.l(dretinf.o)
    0x08005f8c   0x00000016   Code   RO         4138    x$fpl$drsb          fz_wm.l(daddsub_clz.o)
    0x08005fa2   0x00000002   PAD
    0x08005fa4   0x000001d4   Code   RO         4139    x$fpl$dsub          fz_wm.l(daddsub_clz.o)
    0x08006178   0x0000000a   Code   RO         4339    x$fpl$fpinit        fz_wm.l(fpinit.o)
    0x08006182   0x00000004   Code   RO         4159    x$fpl$printf1       fz_wm.l(printf1.o)
    0x08006186   0x00000000   Code   RO         4206    x$fpl$usenofp       fz_wm.l(usenofp.o)
    0x08006186   0x00000002   PAD
    0x08006188   0x00000c00   Data   RO         3951    .constdata          fonts.o
    0x08006d88   0x00000028   Data   RO         4081    .constdata          c_w.l(_printf_hex_int.o)
    0x08006db0   0x00000011   Data   RO         4111    .constdata          c_w.l(__printf_flags_wp.o)
    0x08006dc1   0x00000007   PAD
    0x08006dc8   0x00000038   Data   RO         4164    .constdata          m_wm.l(log.o)
    0x08006e00   0x00000008   Data   RO         4209    .constdata          m_wm.l(qnan.o)
    0x08006e08   0x00000094   Data   RO         4244    .constdata          c_w.l(bigflt0.o)
    0x08006e9c   0x00000020   Data   RO         4413    Region$$Table       anon$$obj.o
    0x08006ebc   0x0000001c   Data   RO         4268    locale$$data        c_w.l(lc_numeric_c.o)
    0x08006ed8   0x00000110   Data   RO         4279    locale$$data        c_w.l(lc_ctype_c.o)


    Execution Region RW_IRAM1 (Base: 0x20000000, Size: 0x000018d8, Max: 0x00020000, ABSOLUTE, COMPRESSED[0x000000f8])

    Base Addr    Size         Type   Attr      Idx    E Section Name        Object

    0x20000000   0x00000002   Data   RW           18    .data               main.o
    0x20000002   0x00000002   PAD
    0x20000004   0x00000004   Data   RW          204    .data               usb_bsp.o
    0x20000008   0x0000000c   Data   RW          286    .data               usbd_cdc_vcp.o
    0x20000014   0x00000014   Data   RW          287    .data               usbd_cdc_vcp.o
    0x20000028   0x0000001c   Data   RW          337    .data               usbd_desc.o
    0x20000044   0x00000016   Data   RW          338    .data               usbd_desc.o
    0x2000005a   0x00000002   PAD
    0x2000005c   0x0000001c   Data   RW          405    .data               usbd_usr.o
    0x20000078   0x00000010   Data   RW          964    .data               stm32f4xx_rcc.o
    0x20000088   0x00000004   Data   RW         2734    .data               stm32f4xx_it.o
    0x2000008c   0x00000014   Data   RW         2846    .data               system_stm32f4xx.o
    0x200000a0   0x00000004   Data   RW         3080    .data               delay.o
    0x200000a4   0x0000002c   Data   RW         3666    .data               usbd_core.o
    0x200000d0   0x00000004   Data   RW         3667    .data               usbd_core.o
    0x200000d4   0x00000004   Data   RW         3668    .data               usbd_core.o
    0x200000d8   0x0000006b   Data   RW         3763    .data               usbd_cdc_core.o
    0x20000143   0x00000001   PAD
    0x20000144   0x0000002c   Data   RW         3764    .data               usbd_cdc_core.o
    0x20000170   0x00000010   Data   RW         3887    .data               usbd_req.o
    0x20000180   0x00000040   Data   RW         3986    .data               header_hardware.o
    0x200001c0   0x00000762   Zero   RW           16    .bss                main.o
    0x20000922   0x00000840   Zero   RW         3762    .bss                usbd_cdc_core.o
    0x20001162   0x000000ff   Zero   RW         3886    .bss                usbd_req.o
    0x20001261   0x00000003   PAD
    0x20001264   0x00000010   Zero   RW         3985    .bss                header_hardware.o
    0x20001274   0x00000060   Zero   RW         4211    .bss                c_w.l(libspace.o)
    0x200012d4   0x00000004   PAD
    0x200012d8   0x00000200   Zero   RW            2    HEAP                startup_stm32f4xx.o
    0x200014d8   0x00000400   Zero   RW            1    STACK               startup_stm32f4xx.o


==============================================================================

Image component sizes


      Code (inc. data)   RO Data    RW Data    ZI Data      Debug   Object Name

       168         32          0          4          0      30240   delay.o
       164          6       3072          0          0       1630   fonts.o
       404         18          0          0          0       3319   gpio_user.o
      1680        172          0         64         16       9689   header_hardware.o
      2804       1190          0          2       1890     319856   main.o
       164         26          0          0          0       2775   misc.o
        80         32        392          0       1536        904   startup_stm32f4xx.o
       282         20          0          0          0       5630   stm32f4xx_adc.o
       216          0          0          0          0       3559   stm32f4xx_gpio.o
       154         26          0          4          0       8105   stm32f4xx_it.o
       244         40          0         16          0       5348   stm32f4xx_rcc.o
        80          0          0          0          0       2400   stm32f4xx_spi.o
       354         36          0          0          0       7871   stm32f4xx_tim.o
       212         10          0          0          0       2682   stm32f4xx_usart.o
       272         36          0         20          0       1997   system_stm32f4xx.o
       298         10          0          0          0       1883   uart_hardware.o
       454         16          0          4          0     232047   usb_bsp.o
      1972         26          0          0          0      21102   usb_core.o
       482          0          0          0          0       6064   usb_dcd.o
      1242         40          0          0          0       7535   usb_dcd_int.o
       616         74          0        151       2112       9380   usbd_cdc_core.o
       164         20          0         32          0       3768   usbd_cdc_vcp.o
       654          4          0         52          0      11430   usbd_core.o
       224        128          0         50          0       5652   usbd_desc.o
       168          0          0          0          0       4664   usbd_ioreq.o
      1122         44          0         16        255       8393   usbd_req.o
        40          0          0         28          0       4045   usbd_usr.o
       420         30          0          0          0       2605   workmemory.o

    ----------------------------------------------------------------------
     15172       2036       3496        448       5812     724573   Object Totals
         0          0         32          0          0          0   (incl. Generated)
        38          0          0          5          3          0   (incl. Padding)

    ----------------------------------------------------------------------

      Code (inc. data)   RO Data    RW Data    ZI Data      Debug   Library Member Name

        90          0          0          0          0          0   __dczerorl2.o
         8          0          0          0          0         68   __main.o
       316          6         17          0          0         92   __printf_flags_wp.o
        14          0          0          0          0         68   __printf_wp.o
        52          8          0          0          0          0   __scatter.o
        28          0          0          0          0          0   __scatter_zi.o
        28          0          0          0          0         68   _chval.o
        44          0          0          0          0        108   _printf_char.o
        48          6          0          0          0         96   _printf_char_common.o
       120         18          0          0          0         92   _printf_dec.o
         6          0          0          0          0          0   _printf_f.o
      1056          0          0          0          0        212   _printf_fp_dec.o
       128         16          0          0          0         84   _printf_fp_infnan.o
        92          4         40          0          0         88   _printf_hex_int.o
         6          0          0          0          0          0   _printf_i.o
       184          0          0          0          0         88   _printf_intcommon.o
         0          0          0          0          0          0   _printf_percent.o
         4          0          0          0          0          0   _printf_percent_end.o
         6          0          0          0          0          0   _printf_s.o
        82          0          0          0          0         80   _printf_str.o
         6          0          0          0          0          0   _printf_u.o
         6          0          0          0          0          0   _printf_x.o
        22          0          0          0          0        100   _rserrno.o
        10          0          0          0          0         68   _sputc.o
       158          0          0          0          0         92   _strtoul.o
        26          0          0          0          0         80   atoi.o
       228          6        148          0          0         96   bigflt0.o
      1910        128          0          0          0        672   btod.o
        12          0          0          0          0         72   exit.o
         6          0          0          0          0        152   heapauxi.o
         0          0          0          0          0          0   indicate_semi.o
        44         10        272          0          0         76   lc_ctype_c.o
        44         10         28          0          0         76   lc_numeric_c.o
         2          0          0          0          0          0   libinit.o
        34          0          0          0          0          0   libinit2.o
         2          0          0          0          0          0   libshutdown.o
         2          0          0          0          0          0   libshutdown2.o
         8          4          0          0         96         68   libspace.o
       138          0          0          0          0         80   lludiv10.o
        40          6          0          0          0         84   noretval__2sprintf.o
        16          4          0          0          0         76   rt_ctype_table.o
         8          4          0          0          0         68   rt_errno_addr_intlibspace.o
         8          4          0          0          0         68   rt_locale_intlibspace.o
        78          0          0          0          0         80   rt_memclr_w.o
         0          0          0          0          0          0   rtentry.o
        12          0          0          0          0          0   rtentry2.o
         6          0          0          0          0          0   rtentry4.o
         2          0          0          0          0          0   rtexit.o
        10          0          0          0          0          0   rtexit2.o
       128          0          0          0          0         68   strcmpv7m.o
        72          0          0          0          0         80   strcpy.o
        62          0          0          0          0         76   strlen.o
       112          0          0          0          0         88   strtol.o
        12          4          0          0          0         68   sys_exit.o
        74          0          0          0          0         80   sys_stackheap_outer.o
         2          0          0          0          0         68   use_no_semi.o
       826         16          0          0          0        500   daddsub_clz.o
        24          0          0          0          0        116   dcmpi.o
       688        140          0          0          0        260   ddiv.o
       120          4          0          0          0        140   deqf.o
        90          4          0          0          0        140   dfixu.o
        84          0          0          0          0        232   dflt_clz.o
       120          4          0          0          0        140   dleqf.o
       340         12          0          0          0        152   dmul.o
       156          4          0          0          0        140   dnaninf.o
        12          0          0          0          0        116   dretinf.o
        10          0          0          0          0        116   fpinit.o
         4          0          0          0          0        116   printf1.o
         0          0          0          0          0          0   usenofp.o
        48          0          0          0          0        124   fpclassify.o
       996        108         56          0          0        232   log.o
       248          0          0          0          0        152   poly.o
         0          0          8          0          0          0   qnan.o

    ----------------------------------------------------------------------
      9404        530        576          0        100       6356   Library Totals
        26          0          7          0          4          0   (incl. Padding)

    ----------------------------------------------------------------------

      Code (inc. data)   RO Data    RW Data    ZI Data      Debug   Library Name

      5612        238        505          0         96       3680   c_w.l
      2474        184          0          0          0       2168   fz_wm.l
      1292        108         64          0          0        508   m_wm.l

    ----------------------------------------------------------------------
      9404        530        576          0        100       6356   Library Totals

    ----------------------------------------------------------------------

==============================================================================


      Code (inc. data)   RO Data    RW Data    ZI Data      Debug   

     24576       2566       4072        448       5912     708645   Grand Totals
     24576       2566       4072        248       5912     708645   ELF Image Totals (compressed)
     24576       2566       4072        248          0          0   ROM Totals

==============================================================================

    Total RO  Size (Code + RO Data)                28648 (  27.98kB)
    Total RW  Size (RW Data + ZI Data)              6360 (   6.21kB)
    Total ROM Size (Code + RO Data + RW Data)      28896 (  28.22kB)

==============================================================================

